ARM Linker, 5.03 [Build 24] [MDK-ARM Professional]

==============================================================================

Section Cross References

    application.o(.text) refers to components.o(.text) for rt_components_init
    application.o(.text) refers to rt_spi_flash_device.o(.text) for rt_spi_flash_device_init
    application.o(.text) refers to led.o(.text) for rt_led_init
    application.o(.text) refers to ds1302.o(.text) for rt_ds1302_init
    application.o(.text) refers to ds18b20.o(.text) for rt_ds18b20_init
    application.o(.text) refers to adc.o(.text) for rt_adc_init
    application.o(.text) refers to servo_motor.o(.text) for SERVO_MOTOR_GPIO_Init
    application.o(.text) refers to thread.o(.text) for rt_thread_create
    startup.o(.text) refers to kservice.o(.text) for rt_kprintf
    startup.o(.text) refers to board.o(.text) for rt_hw_board_init
    startup.o(.text) refers to mem.o(.text) for rt_system_heap_init
    startup.o(.text) refers to scheduler.o(.text) for rt_system_scheduler_init
    startup.o(.text) refers to timer.o(.text) for rt_system_timer_init
    startup.o(.text) refers to application.o(.text) for rt_application_init
    startup.o(.text) refers to idle.o(.text) for rt_thread_idle_init
    startup.o(.text) refers to context_rvds.o(.text) for rt_hw_interrupt_disable
    board.o(.text) refers to misc.o(.text) for NVIC_SetVectorTable
    board.o(.text) refers to irq.o(.text) for rt_interrupt_enter
    board.o(.text) refers to clock.o(.text) for rt_tick_increase
    board.o(.text) refers to gpio.o(.text) for stm32_hw_pin_init
    board.o(.text) refers to usart.o(.text) for rt_hw_usart_init
    board.o(.text) refers to kservice.o(.text) for rt_console_set_device
    board.o(.text) refers to components.o(.text) for rt_components_board_init
    board.o(.text) refers to system_stm32f10x.o(.data) for SystemCoreClock
    led.o(.text) refers to stm32f10x_rcc.o(.text) for RCC_APB2PeriphClockCmd
    led.o(.text) refers to stm32f10x_gpio.o(.text) for GPIO_Init
    led.o(.text) refers to pin.o(.text) for rt_pin_mode
    led.o(.text) refers to thread.o(.text) for rt_thread_delay
    led.o(.text) refers to kservice.o(.text) for rt_kprintf
    led.o(.text) refers to led.o(.bss) for led_stack
    led.o(.text) refers to led.o(.data) for led_inited
    led.o(FSymTab) refers to led.o(.rodata.name) for __fsym_led_name
    led.o(FSymTab) refers to led.o(.text) for led
    ds1302.o(.text) refers to stm32f10x_gpio.o(.text) for GPIO_ResetBits
    ds1302.o(.text) refers to stm32f10x_rcc.o(.text) for RCC_APB2PeriphClockCmd
    ds1302.o(.text) refers to kservice.o(.text) for rt_kprintf
    ds1302.o(.text) refers to thread.o(.text) for rt_thread_delay
    ds1302.o(.text) refers to ds1302.o(.data) for rtc_init
    ds1302.o(.text) refers to ds1302.o(.bss) for ds1302_stack
    ds18b20.o(.text) refers to _printf_percent.o(.ARM.Collect$$_printf_percent$$00000000) for _printf_percent
    ds18b20.o(.text) refers to _printf_f.o(.ARM.Collect$$_printf_percent$$00000003) for _printf_f
    ds18b20.o(.text) refers to printf1.o(x$fpl$printf1) for _printf_fp_dec
    ds18b20.o(.text) refers to stm32f10x_rcc.o(.text) for RCC_APB2PeriphClockCmd
    ds18b20.o(.text) refers to stm32f10x_gpio.o(.text) for GPIO_Init
    ds18b20.o(.text) refers to fflt_clz.o(x$fpl$fflt) for __aeabi_i2f
    ds18b20.o(.text) refers to f2d.o(x$fpl$f2d) for __aeabi_f2d
    ds18b20.o(.text) refers to dmul.o(x$fpl$dmul) for __aeabi_dmul
    ds18b20.o(.text) refers to d2f.o(x$fpl$d2f) for __aeabi_d2f
    ds18b20.o(.text) refers to kservice.o(.text) for rt_kprintf
    ds18b20.o(.text) refers to ds18b20.o(.bss) for DS18B20_ID
    ds18b20.o(.text) refers to ds18b20.o(.data) for DS18B20_sensornum
    ds18b20.o(.text) refers to noretval__2sprintf.o(.text) for __2sprintf
    ds18b20.o(.text) refers to thread.o(.text) for rt_thread_delay
    adc.o(.text) refers to _printf_percent.o(.ARM.Collect$$_printf_percent$$00000000) for _printf_percent
    adc.o(.text) refers to _printf_f.o(.ARM.Collect$$_printf_percent$$00000003) for _printf_f
    adc.o(.text) refers to printf1.o(x$fpl$printf1) for _printf_fp_dec
    adc.o(.text) refers to stm32f10x_rcc.o(.text) for RCC_APB2PeriphClockCmd
    adc.o(.text) refers to stm32f10x_gpio.o(.text) for GPIO_Init
    adc.o(.text) refers to stm32f10x_adc.o(.text) for ADC_DeInit
    adc.o(.text) refers to thread.o(.text) for rt_thread_delay
    adc.o(.text) refers to fflt_clz.o(x$fpl$ffltu) for __aeabi_ui2f
    adc.o(.text) refers to f2d.o(x$fpl$f2d) for __aeabi_f2d
    adc.o(.text) refers to dmul.o(x$fpl$dmul) for __aeabi_dmul
    adc.o(.text) refers to d2f.o(x$fpl$d2f) for __aeabi_d2f
    adc.o(.text) refers to noretval__2sprintf.o(.text) for __2sprintf
    adc.o(.text) refers to kservice.o(.text) for rt_kprintf
    adc.o(.text) refers to adc.o(.bss) for adc_stack
    usart.o(.text) refers to kservice.o(.text) for rt_assert_handler
    usart.o(.text) refers to stm32f10x_usart.o(.text) for USART_Init
[...]
    SPI_I2S_GetITStatus                      0x0800443b   Thumb Code   138  stm32f10x_spi.o(.text)
    SPI_I2S_ClearITPendingBit                0x080044c5   Thumb Code    74  stm32f10x_spi.o(.text)
    GPIO_DeInit                              0x0800451d   Thumb Code   224  stm32f10x_gpio.o(.text)
    GPIO_AFIODeInit                          0x080045fd   Thumb Code    20  stm32f10x_gpio.o(.text)
    GPIO_Init                                0x08004611   Thumb Code   378  stm32f10x_gpio.o(.text)
    GPIO_StructInit                          0x0800478b   Thumb Code    16  stm32f10x_gpio.o(.text)
    GPIO_ReadInputDataBit                    0x0800479b   Thumb Code   170  stm32f10x_gpio.o(.text)
    GPIO_ReadInputData                       0x08004845   Thumb Code    64  stm32f10x_gpio.o(.text)
    GPIO_ReadOutputDataBit                   0x08004885   Thumb Code   260  stm32f10x_gpio.o(.text)
    GPIO_ReadOutputData                      0x08004989   Thumb Code    66  stm32f10x_gpio.o(.text)
    GPIO_SetBits                             0x080049cb   Thumb Code    86  stm32f10x_gpio.o(.text)
    GPIO_ResetBits                           0x08004a21   Thumb Code    86  stm32f10x_gpio.o(.text)
    GPIO_WriteBit                            0x08004a77   Thumb Code   188  stm32f10x_gpio.o(.text)
    GPIO_Write                               0x08004b33   Thumb Code    66  stm32f10x_gpio.o(.text)
    GPIO_PinLockConfig                       0x08004b75   Thumb Code   100  stm32f10x_gpio.o(.text)
    GPIO_EventOutputConfig                   0x08004bd9   Thumb Code   138  stm32f10x_gpio.o(.text)
    GPIO_EventOutputCmd                      0x08004c63   Thumb Code    30  stm32f10x_gpio.o(.text)
    GPIO_PinRemapConfig                      0x08004c81   Thumb Code   538  stm32f10x_gpio.o(.text)
    GPIO_EXTILineConfig                      0x08004e9b   Thumb Code   186  stm32f10x_gpio.o(.text)
    GPIO_ETH_MediaInterfaceConfig            0x08004f55   Thumb Code    30  stm32f10x_gpio.o(.text)
    USART_DeInit                             0x08004f89   Thumb Code   174  stm32f10x_usart.o(.text)
    USART_Init                               0x08005037   Thumb Code   450  stm32f10x_usart.o(.text)
    USART_StructInit                         0x080051f9   Thumb Code    24  stm32f10x_usart.o(.text)
    USART_ClockInit                          0x08005211   Thumb Code   162  stm32f10x_usart.o(.text)
    USART_ClockStructInit                    0x080052b3   Thumb Code    12  stm32f10x_usart.o(.text)
    USART_Cmd                                0x080052bf   Thumb Code    90  stm32f10x_usart.o(.text)
    USART_ITConfig                           0x08005319   Thumb Code   338  stm32f10x_usart.o(.text)
    USART_DMACmd                             0x0800546b   Thumb Code   114  stm32f10x_usart.o(.text)
    USART_SetAddress                         0x080054dd   Thumb Code    86  stm32f10x_usart.o(.text)
    USART_WakeUpConfig                       0x08005533   Thumb Code    90  stm32f10x_usart.o(.text)
    USART_ReceiverWakeUpCmd                  0x0800558d   Thumb Code    94  stm32f10x_usart.o(.text)
    USART_LINBreakDetectLengthConfig         0x080055eb   Thumb Code    88  stm32f10x_usart.o(.text)
    USART_LINCmd                             0x08005643   Thumb Code    94  stm32f10x_usart.o(.text)
    USART_SendData                           0x080056a1   Thumb Code    78  stm32f10x_usart.o(.text)
    USART_ReceiveData                        0x080056ef   Thumb Code    56  stm32f10x_usart.o(.text)
    USART_SendBreak                          0x08005727   Thumb Code    58  stm32f10x_usart.o(.text)
    USART_SetGuardTime                       0x08005761   Thumb Code    54  stm32f10x_usart.o(.text)
    USART_SetPrescaler                       0x08005797   Thumb Code    66  stm32f10x_usart.o(.text)
    USART_SmartCardCmd                       0x080057d9   Thumb Code   104  stm32f10x_usart.o(.text)
    USART_SmartCardNACKCmd                   0x08005841   Thumb Code    82  stm32f10x_usart.o(.text)
    USART_HalfDuplexCmd                      0x08005893   Thumb Code    94  stm32f10x_usart.o(.text)
    USART_OverSampling8Cmd                   0x080058f1   Thumb Code    92  stm32f10x_usart.o(.text)
    USART_OneBitMethodCmd                    0x0800594d   Thumb Code    94  stm32f10x_usart.o(.text)
    USART_IrDAConfig                         0x080059ab   Thumb Code    88  stm32f10x_usart.o(.text)
    USART_IrDACmd                            0x08005a03   Thumb Code    94  stm32f10x_usart.o(.text)
    USART_GetFlagStatus                      0x08005a61   Thumb Code   164  stm32f10x_usart.o(.text)
    USART_ClearFlag                          0x08005b05   Thumb Code   122  stm32f10x_usart.o(.text)
    USART_GetITStatus                        0x08005b7f   Thumb Code   276  stm32f10x_usart.o(.text)
    USART_ClearITPendingBit                  0x08005c93   Thumb Code   156  stm32f10x_usart.o(.text)
    DMA_DeInit                               0x08005d45   Thumb Code   430  stm32f10x_dma.o(.text)
    DMA_Init                                 0x08005ef3   Thumb Code   388  stm32f10x_dma.o(.text)
    DMA_StructInit                           0x08006077   Thumb Code    26  stm32f10x_dma.o(.text)
    DMA_Cmd                                  0x08006091   Thumb Code   220  stm32f10x_dma.o(.text)
    DMA_ITConfig                             0x0800616d   Thumb Code   174  stm32f10x_dma.o(.text)
    DMA_SetCurrDataCounter                   0x0800621b   Thumb Code   116  stm32f10x_dma.o(.text)
    DMA_GetCurrDataCounter                   0x0800628f   Thumb Code   116  stm32f10x_dma.o(.text)
    DMA_GetFlagStatus                        0x08006303   Thumb Code   326  stm32f10x_dma.o(.text)
    DMA_ClearFlag                            0x08006449   Thumb Code    54  stm32f10x_dma.o(.text)
    DMA_GetITStatus                          0x0800647f   Thumb Code   376  stm32f10x_dma.o(.text)
    DMA_ClearITPendingBit                    0x080065f7   Thumb Code    52  stm32f10x_dma.o(.text)
    NVIC_PriorityGroupConfig                 0x08006651   Thumb Code    54  misc.o(.text)
    NVIC_Init                                0x08006687   Thumb Code   160  misc.o(.text)
    NVIC_SetVectorTable                      0x08006727   Thumb Code    60  misc.o(.text)
    NVIC_SystemLPConfig                      0x08006763   Thumb Code    78  misc.o(.text)
    SysTick_CLKSourceConfig                  0x080067b1   Thumb Code    62  misc.o(.text)
    Reset_Handler                            0x08006839   Thumb Code     8  startup_stm32f10x_hd.o(.text)
    ADC1_2_IRQHandler                        0x08006853   Thumb Code     0  startup_stm32f10x_hd.o(.text)
    ADC3_IRQHandler                          0x08006853   Thumb Code     0  startup_stm32f10x_hd.o(.text)
    CAN1_RX1_IRQHandler                      0x08006853   Thumb Code     0  startup_stm32f10x_hd.o(.text)
    CAN1_SCE_IRQHandler                      0x08006853   Thumb Code     0  startup_stm32f10x_hd.o(.text)
    DMA1_Channel1_IRQHandler                 0x08006853   Thumb Code     0  startup_stm32f10x_hd.o(.text)
    DMA1_Channel2_IRQHandler                 0x08006853   Thumb Code     0  startup_stm32f10x_hd.o(.text)
    DMA1_Channel4_IRQHandler                 0x08006853   Thumb Code     0  startup_stm32f10x_hd.o(.text)
    DMA1_Channel7_IRQHandler                 0x08006853   Thumb Code     0  startup_stm32f10x_hd.o(.text)
    DMA2_Channel1_IRQHandler                 0x08006853   Thumb Code     0  startup_stm32f10x_hd.o(.text)
    DMA2_Channel2_IRQHandler                 0x08006853   Thumb Code     0  startup_stm32f10x_hd.o(.text)
    DMA2_Channel3_IRQHandler                 0x08006853   Thumb Code     0  startup_stm32f10x_hd.o(.text)
    DMA2_Channel4_5_IRQHandler               0x08006853   Thumb Code     0  startup_stm32f10x_hd.o(.text)
    FLASH_IRQHandler                         0x08006853   Thumb Code     0  startup_stm32f10x_hd.o(.text)
    FSMC_IRQHandler                          0x08006853   Thumb Code     0  startup_stm32f10x_hd.o(.text)
    I2C1_ER_IRQHandler                       0x08006853   Thumb Code     0  startup_stm32f10x_hd.o(.text)
    I2C1_EV_IRQHandler                       0x08006853   Thumb Code     0  startup_stm32f10x_hd.o(.text)
    I2C2_ER_IRQHandler                       0x08006853   Thumb Code     0  startup_stm32f10x_hd.o(.text)
    I2C2_EV_IRQHandler                       0x08006853   Thumb Code     0  startup_stm32f10x_hd.o(.text)
    PVD_IRQHandler                           0x08006853   Thumb Code     0  startup_stm32f10x_hd.o(.text)
    RCC_IRQHandler                           0x08006853   Thumb Code     0  startup_stm32f10x_hd.o(.text)
    RTCAlarm_IRQHandler                      0x08006853   Thumb Code     0  startup_stm32f10x_hd.o(.text)
    RTC_IRQHandler                           0x08006853   Thumb Code     0  startup_stm32f10x_hd.o(.text)
    SDIO_IRQHandler                          0x08006853   Thumb Code     0  startup_stm32f10x_hd.o(.text)
    SPI1_IRQHandler                          0x08006853   Thumb Code     0  startup_stm32f10x_hd.o(.text)
    SPI2_IRQHandler                          0x08006853   Thumb Code     0  startup_stm32f10x_hd.o(.text)
    SPI3_IRQHandler                          0x08006853   Thumb Code     0  startup_stm32f10x_hd.o(.text)
    TAMPER_IRQHandler                        0x08006853   Thumb Code     0  startup_stm32f10x_hd.o(.text)
    TIM1_BRK_IRQHandler                      0x08006853   Thumb Code     0  startup_stm32f10x_hd.o(.text)
    TIM1_CC_IRQHandler                       0x08006853   Thumb Code     0  startup_stm32f10x_hd.o(.text)
    TIM1_TRG_COM_IRQHandler                  0x08006853   Thumb Code     0  startup_stm32f10x_hd.o(.text)
    TIM1_UP_IRQHandler                       0x08006853   Thumb Code     0  startup_stm32f10x_hd.o(.text)
    TIM2_IRQHandler                          0x08006853   Thumb Code     0  startup_stm32f10x_hd.o(.text)
    TIM3_IRQHandler                          0x08006853   Thumb Code     0  startup_stm32f10x_hd.o(.text)
    TIM4_IRQHandler                          0x08006853   Thumb Code     0  startup_stm32f10x_hd.o(.text)
    TIM5_IRQHandler                          0x08006853   Thumb Code     0  startup_stm32f10x_hd.o(.text)
    TIM6_IRQHandler                          0x08006853   Thumb Code     0  startup_stm32f10x_hd.o(.text)
    TIM7_IRQHandler                          0x08006853   Thumb Code     0  startup_stm32f10x_hd.o(.text)
    TIM8_BRK_IRQHandler                      0x08006853   Thumb Code     0  startup_stm32f10x_hd.o(.text)
    TIM8_CC_IRQHandler                       0x08006853   Thumb Code     0  startup_stm32f10x_hd.o(.text)
    TIM8_TRG_COM_IRQHandler                  0x08006853   Thumb Code     0  startup_stm32f10x_hd.o(.text)
    TIM8_UP_IRQHandler                       0x08006853   Thumb Code     0  startup_stm32f10x_hd.o(.text)
    UART4_IRQHandler                         0x08006853   Thumb Code     0  startup_stm32f10x_hd.o(.text)
    UART5_IRQHandler                         0x08006853   Thumb Code     0  startup_stm32f10x_hd.o(.text)
    USBWakeUp_IRQHandler                     0x08006853   Thumb Code     0  startup_stm32f10x_hd.o(.text)
    WWDG_IRQHandler                          0x08006853   Thumb Code     0  startup_stm32f10x_hd.o(.text)
    __user_initial_stackheap                 0x08006855   Thumb Code     0  startup_stm32f10x_hd.o(.text)
    rt_system_tick_init                      0x08006879   Thumb Code     2  clock.o(.text)
    rt_tick_get                              0x0800687b   Thumb Code     6  clock.o(.text)
    rt_tick_set                              0x08006881   Thumb Code    22  clock.o(.text)
    rt_tick_increase                         0x08006897   Thumb Code    42  clock.o(.text)
    rt_tick_from_millisecond                 0x080068c1   Thumb Code    30  clock.o(.text)
    rt_components_board_init                 0x080068f5   Thumb Code    20  components.o(.text)
    rt_components_init                       0x08006909   Thumb Code    20  components.o(.text)
    rt_device_find                           0x08006929   Thumb Code    76  device.o(.text)
    rt_device_register                       0x08006975   Thumb Code    52  device.o(.text)
    rt_device_unregister                     0x080069a9   Thumb Code    26  device.o(.text)
    rt_device_init_all                       0x080069c3   Thumb Code     4  device.o(.text)
    rt_device_init                           0x080069c7   Thumb Code    64  device.o(.text)
    rt_device_open                           0x08006a07   Thumb Code   148  device.o(.text)
    rt_device_close                          0x08006a9b   Thumb Code    68  device.o(.text)
    rt_device_read                           0x08006adf   Thumb Code    76  device.o(.text)
    rt_device_write                          0x08006b2b   Thumb Code    76  device.o(.text)
    rt_device_control                        0x08006b77   Thumb Code    44  device.o(.text)
    rt_device_set_rx_indicate                0x08006ba3   Thumb Code    26  device.o(.text)
    rt_device_set_tx_complete                0x08006bbd   Thumb Code    26  device.o(.text)
    rt_thread_idle_sethook                   0x08006c5d   Thumb Code     6  idle.o(.text)
    rt_thread_idle_excute                    0x08006c63   Thumb Code   154  idle.o(.text)
    rt_thread_idle_init                      0x08006d11   Thumb Code    38  idle.o(.text)
    rt_thread_idle_gethandler                0x08006d37   Thumb Code     4  idle.o(.text)
    rt_sem_init                              0x08006e41   Thumb Code    50  ipc.o(.text)
    rt_sem_detach                            0x08006e73   Thumb Code    34  ipc.o(.text)
    rt_sem_create                            0x08006e95   Thumb Code    84  ipc.o(.text)
    rt_sem_delete                            0x08006ee9   Thumb Code    78  ipc.o(.text)
    rt_sem_take                              0x08006f37   Thumb Code   266  ipc.o(.text)
    rt_sem_trytake                           0x08007041   Thumb Code    14  ipc.o(.text)
    rt_sem_release                           0x0800704f   Thumb Code    80  ipc.o(.text)
    rt_sem_control                           0x0800709f   Thumb Code    68  ipc.o(.text)
    rt_mutex_init                            0x080070e3   Thumb Code    58  ipc.o(.text)
    rt_mutex_detach                          0x0800711d   Thumb Code    36  ipc.o(.text)
    rt_mutex_create                          0x08007141   Thumb Code    96  ipc.o(.text)
    rt_mutex_delete                          0x080071a1   Thumb Code    78  ipc.o(.text)
    rt_mutex_take                            0x080071ef   Thumb Code   534  ipc.o(.text)
    rt_mutex_release                         0x08007405   Thumb Code   272  ipc.o(.text)
    rt_mutex_control                         0x08007515   Thumb Code     8  ipc.o(.text)
    rt_event_init                            0x0800751d   Thumb Code    46  ipc.o(.text)
    rt_event_detach                          0x0800754b   Thumb Code    36  ipc.o(.text)
    rt_event_create                          0x0800756f   Thumb Code    88  ipc.o(.text)
    rt_event_delete                          0x080075c7   Thumb Code    82  ipc.o(.text)
    rt_event_send                            0x08007619   Thumb Code   272  ipc.o(.text)
    rt_event_recv                            0x08007729   Thumb Code   380  ipc.o(.text)
    rt_event_control                         0x080078a5   Thumb Code    70  ipc.o(.text)
    rt_mb_init                               0x080078eb   Thumb Code    76  ipc.o(.text)
    rt_mb_detach                             0x08007937   Thumb Code    44  ipc.o(.text)
    rt_mb_create                             0x08007963   Thumb Code   128  ipc.o(.text)
    rt_mb_delete                             0x080079e3   Thumb Code    96  ipc.o(.text)
    rt_mb_send_wait                          0x08007a43   Thumb Code   436  ipc.o(.text)
    rt_mb_send                               0x08007bf7   Thumb Code    18  ipc.o(.text)
    rt_mb_recv                               0x08007c09   Thumb Code   412  ipc.o(.text)
    rt_mb_control                            0x08007da5   Thumb Code    82  ipc.o(.text)
    rt_mq_init                               0x08007df7   Thumb Code   118  ipc.o(.text)
    rt_mq_detach                             0x08007e6d   Thumb Code    36  ipc.o(.text)
    rt_mq_delete                             0x08007e91   Thumb Code    88  ipc.o(.text)
    rt_mq_create                             0x08007ee9   Thumb Code   174  ipc.o(.text)
    rt_mq_send                               0x08007f97   Thumb Code   290  ipc.o(.text)
    rt_mq_urgent                             0x080080b9   Thumb Code   198  ipc.o(.text)
    rt_mq_recv                               0x0800817f   Thumb Code   438  ipc.o(.text)
    rt_mq_control                            0x08008335   Thumb Code    98  ipc.o(.text)
    rt_interrupt_enter_sethook               0x080083ed   Thumb Code     6  irq.o(.text)
    rt_interrupt_leave_sethook               0x080083f3   Thumb Code     6  irq.o(.text)
    rt_interrupt_enter                       0x080083f9   Thumb Code    46  irq.o(.text)
    rt_interrupt_leave                       0x08008427   Thumb Code    46  irq.o(.text)
    rt_interrupt_get_nest                    0x08008455   Thumb Code     6  irq.o(.text)
    rt_get_errno                             0x08008469   Thumb Code    32  kservice.o(.text)
    rt_set_errno                             0x08008489   Thumb Code    36  kservice.o(.text)
    _rt_errno                                0x080084ad   Thumb Code    30  kservice.o(.text)
    rt_memset                                0x080084cb   Thumb Code    72  kservice.o(.text)
    rt_memcpy                                0x08008513   Thumb Code   120  kservice.o(.text)
    rt_memmove                               0x0800858b   Thumb Code    66  kservice.o(.text)
    rt_memcmp                                0x080085cd   Thumb Code    38  kservice.o(.text)
    rt_strlen                                0x080085f3   Thumb Code    18  kservice.o(.text)
    rt_strstr                                0x08008605   Thumb Code    58  kservice.o(.text)
    rt_strcasecmp                            0x0800863f   Thumb Code    48  kservice.o(.text)
    rt_strncpy                               0x0800866f   Thumb Code    52  kservice.o(.text)
    rt_strncmp                               0x080086a3   Thumb Code    40  kservice.o(.text)
    rt_strcmp                                0x080086cb   Thumb Code    28  kservice.o(.text)
    rt_strnlen                               0x080086e7   Thumb Code    24  kservice.o(.text)
    rt_strdup                                0x080086ff   Thumb Code    40  kservice.o(.text)
    rt_hw_console_output                     0x08008727   Thumb Code     2  kservice.o(.text)
    rt_vsnprintf                             0x080088bf   Thumb Code   800  kservice.o(.text)
    rt_kprintf                               0x08008bdf   Thumb Code    96  kservice.o(.text)
    rt_show_version                          0x08008c3f   Thumb Code    38  kservice.o(.text)
    rt_snprintf                              0x08008c65   Thumb Code    38  kservice.o(.text)
    rt_vsprintf                              0x08008c8b   Thumb Code    22  kservice.o(.text)
    rt_sprintf                               0x08008ca1   Thumb Code    34  kservice.o(.text)
    rt_console_get_device                    0x08008cc3   Thumb Code     6  kservice.o(.text)
    rt_console_set_device                    0x08008cc9   Thumb Code    48  kservice.o(.text)
    rt_kputs                                 0x08008cf9   Thumb Code    78  kservice.o(.text)
    rt_malloc_align                          0x08008d47   Thumb Code    66  kservice.o(.text)
    rt_free_align                            0x08008d89   Thumb Code    16  kservice.o(.text)
    rt_assert_set_hook                       0x08008d99   Thumb Code     6  kservice.o(.text)
    rt_assert_handler                        0x08008d9f   Thumb Code    56  kservice.o(.text)
    rt_malloc_sethook                        0x08008ead   Thumb Code     6  mem.o(.text)
    rt_free_sethook                          0x08008eb3   Thumb Code     6  mem.o(.text)
    rt_system_heap_init                      0x08008f59   Thumb Code   204  mem.o(.text)
    rt_malloc                                0x08009025   Thumb Code   522  mem.o(.text)
    rt_free                                  0x0800922f   Thumb Code   650  mem.o(.text)
    rt_realloc                               0x080094b9   Thumb Code   324  mem.o(.text)
    rt_calloc                                0x080095fd   Thumb Code    84  mem.o(.text)
    rt_memory_info                           0x08009651   Thumb Code    26  mem.o(.text)
    list_mem                                 0x0800966b   Thumb Code    34  mem.o(.text)
    rt_object_attach_sethook                 0x0800974d   Thumb Code     6  object.o(.text)
    rt_object_detach_sethook                 0x08009753   Thumb Code     6  object.o(.text)
    rt_object_trytake_sethook                0x08009759   Thumb Code     6  object.o(.text)
    rt_object_take_sethook                   0x0800975f   Thumb Code     6  object.o(.text)
    rt_object_put_sethook                    0x08009765   Thumb Code     6  object.o(.text)
    rt_system_object_init                    0x0800976b   Thumb Code     2  object.o(.text)
    rt_object_get_information                0x0800976d   Thumb Code    10  object.o(.text)
    rt_object_init                           0x08009777   Thumb Code    76  object.o(.text)
    rt_object_detach                         0x080097c3   Thumb Code    56  object.o(.text)
    rt_object_allocate                       0x080097fb   Thumb Code   132  object.o(.text)
    rt_object_delete                         0x0800987f   Thumb Code    84  object.o(.text)
    rt_object_is_systemobject                0x080098d3   Thumb Code    34  object.o(.text)
    rt_object_find                           0x080098f5   Thumb Code   126  object.o(.text)
    rt_scheduler_sethook                     0x08009a09   Thumb Code     6  scheduler.o(.text)
    rt_system_scheduler_init                 0x08009a69   Thumb Code    56  scheduler.o(.text)
    rt_system_scheduler_start                0x08009aa1   Thumb Code    36  scheduler.o(.text)
    rt_schedule                              0x08009ac5   Thumb Code   154  scheduler.o(.text)
    rt_schedule_insert_thread                0x08009b5f   Thumb Code    82  scheduler.o(.text)
    rt_schedule_remove_thread                0x08009bb1   Thumb Code    94  scheduler.o(.text)
    rt_enter_critical                        0x08009c0f   Thumb Code    28  scheduler.o(.text)
    rt_exit_critical                         0x08009c2b   Thumb Code    54  scheduler.o(.text)
    rt_critical_level                        0x08009c61   Thumb Code     8  scheduler.o(.text)
    rt_thread_suspend_sethook                0x08009d25   Thumb Code     6  thread.o(.text)
    rt_thread_resume_sethook                 0x08009d2b   Thumb Code     6  thread.o(.text)
    rt_thread_inited_sethook                 0x08009d31   Thumb Code     6  thread.o(.text)
    rt_thread_exit                           0x08009d37   Thumb Code    76  thread.o(.text)
    rt_thread_timeout                        0x08009d83   Thumb Code    70  thread.o(.text)
    rt_thread_init                           0x08009e6f   Thumb Code    74  thread.o(.text)
    rt_thread_self                           0x08009eb9   Thumb Code     6  thread.o(.text)
    rt_thread_resume                         0x08009ebf   Thumb Code   100  thread.o(.text)
    rt_thread_startup                        0x08009f23   Thumb Code    88  thread.o(.text)
    rt_thread_detach                         0x08009f7b   Thumb Code    84  thread.o(.text)
    rt_thread_create                         0x08009fcf   Thumb Code    80  thread.o(.text)
    rt_thread_delete                         0x0800a01f   Thumb Code    74  thread.o(.text)
    rt_thread_yield                          0x0800a069   Thumb Code    92  thread.o(.text)
    rt_thread_suspend                        0x0800a0c5   Thumb Code   356  thread.o(.text)
    rt_thread_sleep                          0x0800a229   Thumb Code    76  thread.o(.text)
    rt_thread_delay                          0x0800a275   Thumb Code    12  thread.o(.text)
    rt_thread_control                        0x0800a281   Thumb Code   134  thread.o(.text)
    rt_thread_find                           0x0800a307   Thumb Code    76  thread.o(.text)
    rt_timer_timeout_sethook                 0x0800a377   Thumb Code     6  timer.o(.text)
    rt_timer_init                            0x0800a409   Thumb Code    58  timer.o(.text)
    rt_timer_detach                          0x0800a443   Thumb Code    44  timer.o(.text)
    rt_timer_create                          0x0800a46f   Thumb Code    54  timer.o(.text)
    rt_timer_delete                          0x0800a4a5   Thumb Code    46  timer.o(.text)
    rt_timer_start                           0x0800a4d3   Thumb Code   292  timer.o(.text)
    rt_timer_stop                            0x0800a5f7   Thumb Code    80  timer.o(.text)
    rt_timer_control                         0x0800a647   Thumb Code    76  timer.o(.text)
    rt_timer_check                           0x0800a693   Thumb Code   148  timer.o(.text)
    rt_timer_next_timeout_tick               0x0800a727   Thumb Code    10  timer.o(.text)
    rt_system_timer_init                     0x0800a731   Thumb Code    24  timer.o(.text)
    rt_system_timer_thread_init              0x0800a749   Thumb Code     2  timer.o(.text)
    rt_hw_stack_init                         0x0800a7c5   Thumb Code    70  cpuport.o(.text)
    rt_hw_exception_install                  0x0800a80b   Thumb Code     6  cpuport.o(.text)
    rt_hw_hard_fault_exception               0x0800a9ef   Thumb Code   198  cpuport.o(.text)
    rt_hw_cpu_shutdown                       0x0800aab5   Thumb Code    22  cpuport.o(.text)
    rt_hw_interrupt_disable                  0x0800ad99   Thumb Code     8  context_rvds.o(.text)
    rt_hw_interrupt_enable                   0x0800ada1   Thumb Code     6  context_rvds.o(.text)
    rt_hw_context_switch                     0x0800ada7   Thumb Code    32  context_rvds.o(.text)
    rt_hw_context_switch_interrupt           0x0800ada7   Thumb Code     0  context_rvds.o(.text)
    PendSV_Handler                           0x0800adc7   Thumb Code    60  context_rvds.o(.text)
    rt_hw_context_switch_to                  0x0800ae03   Thumb Code    58  context_rvds.o(.text)
    rt_hw_interrupt_thread_switch            0x0800ae3d   Thumb Code     2  context_rvds.o(.text)
    HardFault_Handler                        0x0800ae3f   Thumb Code    46  context_rvds.o(.text)
    rt_device_pin_register                   0x0800af35   Thumb Code    56  pin.o(.text)
    rt_pin_attach_irq                        0x0800af6d   Thumb Code    60  pin.o(.text)
    rt_pin_dettach_irq                       0x0800afa9   Thumb Code    46  pin.o(.text)
    rt_pin_irq_enable                        0x0800afd7   Thumb Code    50  pin.o(.text)
    rt_pin_mode                              0x0800b009   Thumb Code    38  pin.o(.text)
    rt_pin_write                             0x0800b02f   Thumb Code    38  pin.o(.text)
    rt_pin_read                              0x0800b055   Thumb Code    34  pin.o(.text)
    rt_hw_serial_register                    0x0800b941   Thumb Code    82  serial.o(.text)
    rt_hw_serial_isr                         0x0800b993   Thumb Code   486  serial.o(.text)
    rt_spi_bus_register                      0x0800bd09   Thumb Code    50  spi_core.o(.text)
    rt_spi_bus_attach_device                 0x0800bd3b   Thumb Code    74  spi_core.o(.text)
    rt_spi_configure                         0x0800bd85   Thumb Code    96  spi_core.o(.text)
    rt_spi_send_then_send                    0x0800bde5   Thumb Code   240  spi_core.o(.text)
    rt_spi_send_then_recv                    0x0800bed5   Thumb Code   240  spi_core.o(.text)
    rt_spi_transfer                          0x0800bfc5   Thumb Code   198  spi_core.o(.text)
    rt_spi_transfer_message                  0x0800c08b   Thumb Code   164  spi_core.o(.text)
    rt_spi_take_bus                          0x0800c12f   Thumb Code   204  spi_core.o(.text)
    rt_spi_release_bus                       0x0800c1fb   Thumb Code    72  spi_core.o(.text)
    rt_spi_take                              0x0800c243   Thumb Code    80  spi_core.o(.text)
    rt_spi_release                           0x0800c293   Thumb Code    80  spi_core.o(.text)
    rt_spi_bus_device_init                   0x0800c395   Thumb Code    56  spi_dev.o(.text)
    rt_spidev_device_init                    0x0800c451   Thumb Code    56  spi_dev.o(.text)
    w25qxx_page_write                        0x0800c5b3   Thumb Code   188  spi_flash_w25qxx.o(.text)
    w25qxx_init                              0x0800c777   Thumb Code   926  spi_flash_w25qxx.o(.text)
    rt_completion_init                       0x0800cb31   Thumb Code    42  completion.o(.text)
    rt_completion_wait                       0x0800cb5b   Thumb Code   198  completion.o(.text)
    rt_completion_done                       0x0800cc21   Thumb Code    76  completion.o(.text)
    rt_data_queue_init                       0x0800cd07   Thumb Code    76  dataqueue.o(.text)
    rt_data_queue_push                       0x0800cd53   Thumb Code   282  dataqueue.o(.text)
    rt_data_queue_pop                        0x0800ce6d   Thumb Code   342  dataqueue.o(.text)
    rt_data_queue_peak                       0x0800cfc3   Thumb Code   104  dataqueue.o(.text)
    rt_data_queue_reset                      0x0800d02b   Thumb Code   106  dataqueue.o(.text)
    finsh_set_device                         0x0800d17b   Thumb Code   156  shell.o(.text)
    finsh_get_device                         0x0800d217   Thumb Code    28  shell.o(.text)
    finsh_set_echo                           0x0800d233   Thumb Code    30  shell.o(.text)
    finsh_get_echo                           0x0800d251   Thumb Code    32  shell.o(.text)
    finsh_run_line                           0x0800d28d   Thumb Code   164  shell.o(.text)
    finsh_thread_entry                       0x0800d423   Thumb Code  1430  shell.o(.text)
    finsh_system_function_init               0x0800d9b9   Thumb Code    10  shell.o(.text)
    finsh_system_var_init                    0x0800d9c3   Thumb Code    10  shell.o(.text)
    finsh_system_init                        0x0800d9cd   Thumb Code   122  shell.o(.text)
    hello                                    0x0800dab1   Thumb Code    12  cmd.o(.text)
    version                                  0x0800dabd   Thumb Code    10  cmd.o(.text)
    list_thread                              0x0800dbc1   Thumb Code    10  cmd.o(.text)
    list_sem                                 0x0800dc83   Thumb Code    12  cmd.o(.text)
    list_event                               0x0800dd0d   Thumb Code    12  cmd.o(.text)
    list_mutex                               0x0800dd75   Thumb Code    12  cmd.o(.text)
    list_mailbox                             0x0800de25   Thumb Code    12  cmd.o(.text)
    list_msgqueue                            0x0800e1ab   Thumb Code    10  cmd.o(.text)
    list_mempool                             0x0800e23b   Thumb Code    12  cmd.o(.text)
    list_timer                               0x0800e2b7   Thumb Code    12  cmd.o(.text)
    list_device                              0x0800e33f   Thumb Code    12  cmd.o(.text)
    list                                     0x0800e34b   Thumb Code   126  cmd.o(.text)
    list_prefix                              0x0800e40b   Thumb Code   998  cmd.o(.text)
    finsh_compiler_run                       0x0800ffd3   Thumb Code    88  finsh_compiler.o(.text)
    finsh_error_init                         0x0801003d   Thumb Code     8  finsh_error.o(.text)
    finsh_error_set                          0x08010045   Thumb Code    10  finsh_error.o(.text)
    finsh_errno                              0x0801004f   Thumb Code     6  finsh_error.o(.text)
    finsh_error_string                       0x08010055   Thumb Code    10  finsh_error.o(.text)
    finsh_heap_init                          0x08010069   Thumb Code    36  finsh_heap.o(.text)
    finsh_heap_free                          0x0801018d   Thumb Code    34  finsh_heap.o(.text)
    finsh_heap_allocate                      0x080101fd   Thumb Code   106  finsh_heap.o(.text)
    finsh_init                               0x08010279   Thumb Code    30  finsh_init.o(.text)
    finsh_stack_bottom                       0x08010297   Thumb Code     6  finsh_init.o(.text)
    finsh_flush                              0x0801029d   Thumb Code    22  finsh_init.o(.text)
    finsh_reset                              0x080102b3   Thumb Code    24  finsh_init.o(.text)
    finsh_node_init                          0x080102d1   Thumb Code    16  finsh_node.o(.text)
    finsh_node_allocate                      0x080102e1   Thumb Code    56  finsh_node.o(.text)
    finsh_node_new_id                        0x08010319   Thumb Code   118  finsh_node.o(.text)
    finsh_node_new_char                      0x0801038f   Thumb Code    30  finsh_node.o(.text)
    finsh_node_new_int                       0x080103ad   Thumb Code    30  finsh_node.o(.text)
    finsh_node_new_long                      0x080103cb   Thumb Code    30  finsh_node.o(.text)
    finsh_node_new_string                    0x080103e9   Thumb Code    74  finsh_node.o(.text)
    finsh_node_new_ptr                       0x08010433   Thumb Code    30  finsh_node.o(.text)
    OP_no_op                                 0x08010455   Thumb Code     2  finsh_ops.o(.text)
    OP_add_byte                              0x08010457   Thumb Code    42  finsh_ops.o(.text)
    OP_add_word                              0x08010481   Thumb Code    44  finsh_ops.o(.text)
    OP_add_dword                             0x080104ad   Thumb Code    42  finsh_ops.o(.text)
    OP_sub_byte                              0x080104d7   Thumb Code    42  finsh_ops.o(.text)
    OP_sub_word                              0x08010501   Thumb Code    44  finsh_ops.o(.text)
    OP_sub_dword                             0x0801052d   Thumb Code    42  finsh_ops.o(.text)
    OP_div_byte                              0x08010557   Thumb Code    44  finsh_ops.o(.text)
    OP_div_word                              0x08010583   Thumb Code    46  finsh_ops.o(.text)
    OP_div_dword                             0x080105b1   Thumb Code    44  finsh_ops.o(.text)
    OP_mod_byte                              0x080105dd   Thumb Code    48  finsh_ops.o(.text)
    OP_mod_word                              0x0801060d   Thumb Code    48  finsh_ops.o(.text)
    OP_mod_dword                             0x0801063d   Thumb Code    48  finsh_ops.o(.text)
    OP_mul_byte                              0x0801066d   Thumb Code    42  finsh_ops.o(.text)
    OP_mul_word                              0x08010697   Thumb Code    44  finsh_ops.o(.text)
    OP_mul_dword                             0x080106c3   Thumb Code    42  finsh_ops.o(.text)
    OP_and_byte                              0x080106ed   Thumb Code    42  finsh_ops.o(.text)
    OP_and_word                              0x08010717   Thumb Code    42  finsh_ops.o(.text)
    OP_and_dword                             0x08010741   Thumb Code    42  finsh_ops.o(.text)
    OP_or_byte                               0x0801076b   Thumb Code    42  finsh_ops.o(.text)
    OP_or_word                               0x08010795   Thumb Code    42  finsh_ops.o(.text)
    OP_or_dword                              0x080107bf   Thumb Code    42  finsh_ops.o(.text)
    OP_xor_byte                              0x080107e9   Thumb Code    42  finsh_ops.o(.text)
    OP_xor_word                              0x08010813   Thumb Code    46  finsh_ops.o(.text)
    OP_xor_dword                             0x08010841   Thumb Code    42  finsh_ops.o(.text)
    OP_bw_byte                               0x0801086b   Thumb Code    20  finsh_ops.o(.text)
    OP_bw_word                               0x0801087f   Thumb Code    20  finsh_ops.o(.text)
    OP_bw_dword                              0x08010893   Thumb Code    20  finsh_ops.o(.text)
    OP_shl_byte                              0x080108a7   Thumb Code    42  finsh_ops.o(.text)
    OP_shl_word                              0x080108d1   Thumb Code    44  finsh_ops.o(.text)
    OP_shl_dword                             0x080108fd   Thumb Code    42  finsh_ops.o(.text)
    OP_shr_byte                              0x08010927   Thumb Code    42  finsh_ops.o(.text)
    OP_shr_word                              0x08010951   Thumb Code    42  finsh_ops.o(.text)
    OP_shr_dword                             0x0801097b   Thumb Code    42  finsh_ops.o(.text)
    OP_ld_byte                               0x080109a5   Thumb Code    34  finsh_ops.o(.text)
    OP_ld_word                               0x080109c7   Thumb Code    46  finsh_ops.o(.text)
    OP_ld_dword                              0x080109f5   Thumb Code    64  finsh_ops.o(.text)
    OP_ld_value_byte                         0x08010a35   Thumb Code    66  finsh_ops.o(.text)
    OP_ld_value_byte_stack                   0x08010a77   Thumb Code    20  finsh_ops.o(.text)
    OP_ld_value_word                         0x08010a8b   Thumb Code    66  finsh_ops.o(.text)
    OP_ld_value_word_stack                   0x08010acd   Thumb Code    20  finsh_ops.o(.text)
    OP_ld_value_dword                        0x08010ae1   Thumb Code    66  finsh_ops.o(.text)
    OP_ld_value_dword_stack                  0x08010b23   Thumb Code    20  finsh_ops.o(.text)
    OP_st_byte                               0x08010b37   Thumb Code    30  finsh_ops.o(.text)
    OP_st_word                               0x08010b55   Thumb Code    30  finsh_ops.o(.text)
    OP_st_dword                              0x08010b73   Thumb Code    30  finsh_ops.o(.text)
    OP_pop                                   0x08010b91   Thumb Code    12  finsh_ops.o(.text)
    OP_call                                  0x08010b9d   Thumb Code   906  finsh_ops.o(.text)
    finsh_parser_run                         0x080117bd   Thumb Code   220  finsh_parser.o(.text)
    finsh_parser_init                        0x08011899   Thumb Code    16  finsh_parser.o(.text)
    finsh_var_init                           0x080118a9   Thumb Code    14  finsh_var.o(.text)
    finsh_var_insert                         0x080118b7   Thumb Code   112  finsh_var.o(.text)
    finsh_var_delete                         0x08011927   Thumb Code    68  finsh_var.o(.text)
    finsh_var_lookup                         0x0801196b   Thumb Code    58  finsh_var.o(.text)
    finsh_sysvar_append                      0x080119a5   Thumb Code    62  finsh_var.o(.text)
    finsh_sysvar_lookup                      0x080119e3   Thumb Code    78  finsh_var.o(.text)
    finsh_vm_run                             0x08011a41   Thumb Code    62  finsh_vm.o(.text)
    finsh_syscall_append                     0x08011a7f   Thumb Code    54  finsh_vm.o(.text)
    finsh_syscall_lookup                     0x08011ab5   Thumb Code    78  finsh_vm.o(.text)
    finsh_token_init                         0x08011b25   Thumb Code    20  finsh_token.o(.text)
    token_get_string                         0x08011f3d   Thumb Code   120  finsh_token.o(.text)
    finsh_token_token                        0x08012175   Thumb Code    24  finsh_token.o(.text)
    finsh_token_get_token                    0x0801218d   Thumb Code    20  finsh_token.o(.text)
    __2sprintf                               0x080121a5   Thumb Code    34  noretval__2sprintf.o(.text)
    __printf                                 0x080121cd   Thumb Code   270  __printf_wp.o(.text)
    atoi                                     0x080122db   Thumb Code    26  atoi.o(.text)
    memcmp                                   0x080122f5   Thumb Code    88  memcmp.o(.text)
    strlen                                   0x0801234d   Thumb Code    62  strlen.o(.text)
    strncmp                                  0x0801238b   Thumb Code   150  strncmp.o(.text)
    __aeabi_memcpy                           0x08012421   Thumb Code     0  rt_memcpy_v6.o(.text)
    __rt_memcpy                              0x08012421   Thumb Code   138  rt_memcpy_v6.o(.text)
    _memcpy_lastbytes                        0x08012487   Thumb Code     0  rt_memcpy_v6.o(.text)
    __aeabi_memcpy4                          0x080124ab   Thumb Code     0  rt_memcpy_w.o(.text)
    __aeabi_memcpy8                          0x080124ab   Thumb Code     0  rt_memcpy_w.o(.text)
    __rt_memcpy_w                            0x080124ab   Thumb Code   100  rt_memcpy_w.o(.text)
    _memcpy_lastbytes_aligned                0x080124f3   Thumb Code     0  rt_memcpy_w.o(.text)
    __aeabi_memclr                           0x0801250f   Thumb Code     0  rt_memclr.o(.text)
    __rt_memclr                              0x0801250f   Thumb Code    68  rt_memclr.o(.text)
    _memset                                  0x08012513   Thumb Code     0  rt_memclr.o(.text)
    __aeabi_memclr4                          0x08012553   Thumb Code     0  rt_memclr_w.o(.text)
    __aeabi_memclr8                          0x08012553   Thumb Code     0  rt_memclr_w.o(.text)
    __rt_memclr_w                            0x08012553   Thumb Code    78  rt_memclr_w.o(.text)
    _memset_w                                0x08012557   Thumb Code     0  rt_memclr_w.o(.text)
    strncpy                                  0x080125a1   Thumb Code    86  strncpy.o(.text)
    strcmp                                   0x080125f9   Thumb Code   128  strcmpv7m.o(.text)
    __use_two_region_memory                  0x08012679   Thumb Code     2  heapauxi.o(.text)
    __rt_heap_escrow$2region                 0x0801267b   Thumb Code     2  heapauxi.o(.text)
    __rt_heap_expand$2region                 0x0801267d   Thumb Code     2  heapauxi.o(.text)
    __aeabi_errno_addr                       0x08012681   Thumb Code     8  rt_errno_addr_intlibspace.o(.text)
    __errno$intlibspace                      0x08012681   Thumb Code     0  rt_errno_addr_intlibspace.o(.text)
    __rt_errno_addr$intlibspace              0x08012681   Thumb Code     0  rt_errno_addr_intlibspace.o(.text)
    __lib_sel_fp_printf                      0x08012689   Thumb Code     2  _printf_fp_dec.o(.text)
    _printf_fp_dec_real                      0x08012835   Thumb Code   628  _printf_fp_dec.o(.text)
    _printf_char_common                      0x08012ab3   Thumb Code    32  _printf_char_common.o(.text)
    _sputc                                   0x08012ad9   Thumb Code    10  _sputc.o(.text)
    strtol                                   0x08012ae3   Thumb Code   112  strtol.o(.text)
    __user_libspace                          0x08012b55   Thumb Code     8  libspace.o(.text)
    __user_perproc_libspace                  0x08012b55   Thumb Code     0  libspace.o(.text)
    __user_perthread_libspace                0x08012b55   Thumb Code     0  libspace.o(.text)
    __rt_ctype_table                         0x08012b5d   Thumb Code    16  rt_ctype_table.o(.text)
    __rt_locale                              0x08012b6d   Thumb Code     8  rt_locale_intlibspace.o(.text)
    _ll_udiv10                               0x08012b75   Thumb Code   138  lludiv10.o(.text)
    _printf_fp_infnan                        0x08012c01   Thumb Code   112  _printf_fp_infnan.o(.text)
    _strtoul                                 0x08012c81   Thumb Code   158  _strtoul.o(.text)
    _btod_etento                             0x08012d21   Thumb Code   222  bigflt0.o(.text)
    __user_setup_stackheap                   0x08012e05   Thumb Code    74  sys_stackheap_outer.o(.text)
    _chval                                   0x08012e4f   Thumb Code    28  _chval.o(.text)
    exit                                     0x08012e6b   Thumb Code    12  exit.o(.text)
    _sys_exit                                0x08012e79   Thumb Code     8  sys_exit.o(.text)
    __I$use$semihosting                      0x08012e85   Thumb Code     0  use_no_semi.o(.text)
    __use_no_semihosting_swi                 0x08012e85   Thumb Code     2  use_no_semi.o(.text)
    __semihosting_library_function           0x08012e87   Thumb Code     0  indicate_semi.o(.text)
    _btod_d2e                                0x08012e87   Thumb Code    62  btod.o(CL$$btod_d2e)
    _d2e_denorm_low                          0x08012ec5   Thumb Code    70  btod.o(CL$$btod_d2e_denorm_low)
    _d2e_norm_op1                            0x08012f0b   Thumb Code    96  btod.o(CL$$btod_d2e_norm_op1)
    __btod_div_common                        0x08012f6b   Thumb Code   696  btod.o(CL$$btod_div_common)
    _e2e                                     0x080132a3   Thumb Code   198  btod.o(CL$$btod_e2e)
    _btod_ediv                               0x08013369   Thumb Code    40  btod.o(CL$$btod_ediv)
    _btod_emul                               0x08013391   Thumb Code    40  btod.o(CL$$btod_emul)
    __btod_mult_common                       0x080133b9   Thumb Code   580  btod.o(CL$$btod_mult_common)
    __ARM_fpclassify                         0x080135fd   Thumb Code    40  fpclassify.o(i.__ARM_fpclassify)
    _is_digit                                0x08013625   Thumb Code    14  __printf_wp.o(i._is_digit)
    _get_lc_numeric                          0x08013635   Thumb Code    44  lc_numeric_c.o(locale$$code)
    _get_lc_ctype                            0x08013661   Thumb Code    44  lc_ctype_c.o(locale$$code)
    __aeabi_d2f                              0x0801368d   Thumb Code     0  d2f.o(x$fpl$d2f)
    _d2f                                     0x0801368d   Thumb Code    98  d2f.o(x$fpl$d2f)
    __aeabi_dmul                             0x080136f1   Thumb Code     0  dmul.o(x$fpl$dmul)
    _dmul                                    0x080136f1   Thumb Code   332  dmul.o(x$fpl$dmul)
    __fpl_dnaninf                            0x08013845   Thumb Code   156  dnaninf.o(x$fpl$dnaninf)
    __fpl_dretinf                            0x080138e1   Thumb Code    12  dretinf.o(x$fpl$dretinf)
    __aeabi_f2d                              0x080138ed   Thumb Code     0  f2d.o(x$fpl$f2d)
    _f2d                                     0x080138ed   Thumb Code    86  f2d.o(x$fpl$f2d)
    __aeabi_i2f                              0x08013945   Thumb Code     0  fflt_clz.o(x$fpl$fflt)
    _fflt                                    0x08013945   Thumb Code    48  fflt_clz.o(x$fpl$fflt)
    __aeabi_ui2f                             0x08013975   Thumb Code     0  fflt_clz.o(x$fpl$ffltu)
    _ffltu                                   0x08013975   Thumb Code    38  fflt_clz.o(x$fpl$ffltu)
    __fpl_fnaninf                            0x0801399b   Thumb Code   140  fnaninf.o(x$fpl$fnaninf)
    __fpl_fretinf                            0x08013a27   Thumb Code    10  fretinf.o(x$fpl$fretinf)
    _printf_fp_dec                           0x08013a31   Thumb Code     4  printf1.o(x$fpl$printf1)
    __I$use$fp                               0x08013a34   Number         0  usenofp.o(x$fpl$usenofp)
    op_table                                 0x08014994   Data         196  finsh_ops.o(.constdata)
    __fsym_led_name                          0x08014d26   Data           4  led.o(.rodata.name)
    __fsym_led_desc                          0x08014d2a   Data          32  led.o(.rodata.name)
    __fsym_list_mem_name                     0x08014d4a   Data           9  mem.o(.rodata.name)
    __fsym_list_mem_desc                     0x08014d53   Data          30  mem.o(.rodata.name)
    __fsym_pinMode_name                      0x08014d71   Data           8  pin.o(.rodata.name)
    __fsym_pinMode_desc                      0x08014d79   Data          22  pin.o(.rodata.name)
    __fsym_pinWrite_name                     0x08014d8f   Data           9  pin.o(.rodata.name)
    __fsym_pinWrite_desc                     0x08014d98   Data          28  pin.o(.rodata.name)
    __fsym_pinRead_name                      0x08014db4   Data           8  pin.o(.rodata.name)
    __fsym_pinRead_desc                      0x08014dbc   Data          30  pin.o(.rodata.name)
    __fsym_hello_name                        0x08014dda   Data           6  cmd.o(.rodata.name)
    __fsym_hello_desc                        0x08014de0   Data          16  cmd.o(.rodata.name)
    __fsym_version_name                      0x08014df0   Data           8  cmd.o(.rodata.name)
    __fsym_version_desc                      0x08014df8   Data          35  cmd.o(.rodata.name)
    __fsym_list_thread_name                  0x08014e1b   Data          12  cmd.o(.rodata.name)
    __fsym_list_thread_desc                  0x08014e27   Data          12  cmd.o(.rodata.name)
    __fsym_list_sem_name                     0x08014e33   Data           9  cmd.o(.rodata.name)
    __fsym_list_sem_desc                     0x08014e3c   Data          25  cmd.o(.rodata.name)
    __fsym_list_event_name                   0x08014e55   Data          11  cmd.o(.rodata.name)
    __fsym_list_event_desc                   0x08014e60   Data          21  cmd.o(.rodata.name)
    __fsym_list_mutex_name                   0x08014e75   Data          11  cmd.o(.rodata.name)
    __fsym_list_mutex_desc                   0x08014e80   Data          21  cmd.o(.rodata.name)
    __fsym_list_mailbox_name                 0x08014e95   Data          13  cmd.o(.rodata.name)
    __fsym_list_mailbox_desc                 0x08014ea2   Data          24  cmd.o(.rodata.name)
    __fsym_list_msgqueue_name                0x08014eba   Data          14  cmd.o(.rodata.name)
    __fsym_list_msgqueue_desc                0x08014ec8   Data          29  cmd.o(.rodata.name)
    __fsym_list_mempool_name                 0x08014ee5   Data          13  cmd.o(.rodata.name)
    __fsym_list_mempool_desc                 0x08014ef2   Data          27  cmd.o(.rodata.name)
    __fsym_list_timer_name                   0x08014f0d   Data          11  cmd.o(.rodata.name)
    __fsym_list_timer_desc                   0x08014f18   Data          21  cmd.o(.rodata.name)
    __fsym_list_device_name                  0x08014f2d   Data          12  cmd.o(.rodata.name)
    __fsym_list_device_desc                  0x08014f39   Data          22  cmd.o(.rodata.name)
    __fsym_list_name                         0x08014f4f   Data           5  cmd.o(.rodata.name)
    __fsym_list_desc                         0x08014f54   Data          26  cmd.o(.rodata.name)
    __vsym_dummy_name                        0x08014f6e   Data           6  cmd.o(.rodata.name)
    __vsym_dummy_desc                        0x08014f74   Data          25  cmd.o(.rodata.name)
    __rt_init_rti_start                      0x08014f90   Data           4  components.o(.rti_fn.0)
    __rt_init_rti_board_start                0x08014f94   Data           4  components.o(.rti_fn.0.end)
    __rt_init_stm32_hw_pin_init              0x08014f98   Data           4  gpio.o(.rti_fn.1)
    __rt_init_rti_board_end                  0x08014f9c   Data           4  components.o(.rti_fn.1.end)
    __rt_init_rt_hw_spi_init                 0x08014fa0   Data           4  rt_spi_flash_device.o(.rti_fn.3)
    __rt_init_finsh_system_init              0x08014fa4   Data           4  shell.o(.rti_fn.6)
    __rt_init_rti_end                        0x08014fa8   Data           4  components.o(.rti_fn.6.end)
    FSymTab$$Base                            0x08014fac   Number         0  led.o(FSymTab)
    __fsym_led                               0x08014fac   Data          12  led.o(FSymTab)
    __fsym_list_mem                          0x08014fb8   Data          12  mem.o(FSymTab)
    __fsym_pinMode                           0x08014fc4   Data          12  pin.o(FSymTab)
    __fsym_pinWrite                          0x08014fd0   Data          12  pin.o(FSymTab)
    __fsym_pinRead                           0x08014fdc   Data          12  pin.o(FSymTab)
    __fsym_hello                             0x08014fe8   Data          12  cmd.o(FSymTab)
    __fsym_version                           0x08014ff4   Data          12  cmd.o(FSymTab)
    __fsym_list_thread                       0x08015000   Data          12  cmd.o(FSymTab)
    __fsym_list_sem                          0x0801500c   Data          12  cmd.o(FSymTab)
    __fsym_list_event                        0x08015018   Data          12  cmd.o(FSymTab)
    __fsym_list_mutex                        0x08015024   Data          12  cmd.o(FSymTab)
    __fsym_list_mailbox                      0x08015030   Data          12  cmd.o(FSymTab)
    __fsym_list_msgqueue                     0x0801503c   Data          12  cmd.o(FSymTab)
    __fsym_list_mempool                      0x08015048   Data          12  cmd.o(FSymTab)
    __fsym_list_timer                        0x08015054   Data          12  cmd.o(FSymTab)
    __fsym_list_device                       0x08015060   Data          12  cmd.o(FSymTab)
    __fsym_list                              0x0801506c   Data          12  cmd.o(FSymTab)
    FSymTab$$Limit                           0x08015078   Number         0  cmd.o(FSymTab)
    Region$$Table$$Base                      0x08015078   Number         0  anon$$obj.o(Region$$Table)
    Region$$Table$$Limit                     0x08015098   Number         0  anon$$obj.o(Region$$Table)
    VSymTab$$Base                            0x08015098   Number         0  cmd.o(VSymTab)
    __vsym_dummy                             0x08015098   Data          16  cmd.o(VSymTab)
    VSymTab$$Limit                           0x080150a8   Number         0  cmd.o(VSymTab)
    __ctype                                  0x080150d1   Data           0  lc_ctype_c.o(locale$$data)
    rtc_init                                 0x20000001   Data           8  ds1302.o(.data)
    u8time                                   0x20000009   Data           8  ds1302.o(.data)
    DS18B20_sensornum                        0x20000011   Data           1  ds18b20.o(.data)
    uart1                                    0x20000014   Data          28  usart.o(.data)
    uart2                                    0x20000030   Data          28  usart.o(.data)
    uart3                                    0x2000004c   Data          28  usart.o(.data)
    pin_irq_hdr_tab                          0x20000068   Data         192  gpio.o(.data)
    SystemCoreClock                          0x20000138   Data           4  system_stm32f10x.o(.data)
    AHBPrescTable                            0x2000013c   Data          16  system_stm32f10x.o(.data)
    rt_interrupt_nest                        0x20000170   Data           1  irq.o(.data)
    rt_assert_hook                           0x2000017c   Data           4  kservice.o(.data)
    rt_object_container                      0x200001a0   Data         144  object.o(.data)
    rt_object_trytake_hook                   0x20000238   Data           4  object.o(.data)
    rt_object_take_hook                      0x2000023c   Data           4  object.o(.data)
    rt_object_put_hook                       0x20000240   Data           4  object.o(.data)
    rt_current_thread                        0x20000248   Data           4  scheduler.o(.data)
    rt_current_priority                      0x2000024c   Data           1  scheduler.o(.data)
    rt_thread_ready_priority_group           0x20000250   Data           4  scheduler.o(.data)
    rt_thread_defunct                        0x20000254   Data           8  scheduler.o(.data)
    rt_interrupt_from_thread                 0x20000280   Data           4  cpuport.o(.data)
    rt_interrupt_to_thread                   0x20000284   Data           4  cpuport.o(.data)
    rt_thread_switch_interrupt_flag          0x20000288   Data           4  cpuport.o(.data)
    shell                                    0x2000028c   Data           4  shell.o(.data)
    _syscall_table_begin                     0x20000290   Data           4  symbol.o(.data)
    _syscall_table_end                       0x20000294   Data           4  symbol.o(.data)
    _sysvar_table_begin                      0x20000298   Data           4  symbol.o(.data)
    _sysvar_table_end                        0x2000029c   Data           4  symbol.o(.data)
    finsh_compile_sp                         0x200002a4   Data           4  finsh_compiler.o(.data)
    finsh_compile_pc                         0x200002a8   Data           4  finsh_compiler.o(.data)
    global_errno                             0x200002e8   Data           1  finsh_error.o(.data)
    global_sysvar_list                       0x200002f4   Data           4  finsh_var.o(.data)
    global_syscall_list                      0x200002f8   Data           4  finsh_vm.o(.data)
    finsh_sp                                 0x200002fc   Data           4  finsh_vm.o(.data)
    finsh_pc                                 0x20000300   Data           4  finsh_vm.o(.data)
    DS18B20_ID                               0x20000804   Data          64  ds18b20.o(.bss)
    serial1                                  0x20000d44   Data          84  usart.o(.bss)
    serial2                                  0x20000d98   Data          84  usart.o(.bss)
    serial3                                  0x20000dec   Data          84  usart.o(.bss)
    rt_thread_priority_table                 0x2000111c   Data         256  scheduler.o(.bss)
    finsh_heap                               0x20001b58   Data         128  finsh_heap.o(.bss)
    global_node_table                        0x20001bd8   Data         320  finsh_node.o(.bss)
    global_variable                          0x20001d18   Data         192  finsh_var.o(.bss)
    finsh_vm_stack                           0x20001dd8   Data         256  finsh_vm.o(.bss)
    text_segment                             0x20001ed8   Data         128  finsh_vm.o(.bss)
    __libspace_start                         0x20001f58   Data          96  libspace.o(.bss)
    __temporary_stack_top$libspace           0x20001fb8   Data           0  libspace.o(.bss)
    Image$$RW_IRAM1$$ZI$$Limit               0x200025b8   Number         0  startup_stm32f10x_hd.o(STACK)



==============================================================================

Memory Map of the image

  Image Entry point : 0x08000131

  Load Region LR_IROM1 (Base: 0x08000000, Size: 0x000154d8, Max: 0x00080000, ABSOLUTE, COMPRESSED[0x000152ac])

    Execution Region ER_IROM1 (Base: 0x08000000, Size: 0x000151d4, Max: 0x00080000, ABSOLUTE)

    Base Addr    Size         Type   Attr      Idx    E Section Name        Object

    0x08000000   0x00000130   Data   RO         1055    RESET               startup_stm32f10x_hd.o
    0x08000130   0x00000008   Code   RO         1848  * !!!main             c_w.l(__main.o)
    0x08000138   0x00000034   Code   RO         2093    !!!scatter          c_w.l(__scatter.o)
    0x0800016c   0x0000005a   Code   RO         2091    !!dczerorl2         c_w.l(__dczerorl2.o)
    0x080001c6   0x00000002   PAD
    0x080001c8   0x0000001c   Code   RO         2095    !!handler_zi        c_w.l(__scatter_zi.o)
    0x080001e4   0x00000000   Code   RO         1825    .ARM.Collect$$_printf_percent$$00000000  c_w.l(_printf_percent.o)
    0x080001e4   0x00000006   Code   RO         1824    .ARM.Collect$$_printf_percent$$00000003  c_w.l(_printf_f.o)
    0x080001ea   0x00000004   Code   RO         1876    .ARM.Collect$$_printf_percent$$00000017  c_w.l(_printf_percent_end.o)
    0x080001ee   0x00000002   Code   RO         1967    .ARM.Collect$$libinit$$00000000  c_w.l(libinit.o)
    0x080001f0   0x00000000   Code   RO         1969    .ARM.Collect$$libinit$$00000002  c_w.l(libinit2.o)
    0x080001f0   0x00000000   Code   RO         1972    .ARM.Collect$$libinit$$00000008  c_w.l(libinit2.o)
    0x080001f0   0x00000000   Code   RO         1974    .ARM.Collect$$libinit$$0000000A  c_w.l(libinit2.o)
    0x080001f0   0x00000000   Code   RO         1976    .ARM.Collect$$libinit$$0000000C  c_w.l(libinit2.o)
    0x080001f0   0x00000006   Code   RO         1977    .ARM.Collect$$libinit$$0000000D  c_w.l(libinit2.o)
    0x080001f6   0x00000000   Code   RO         1979    .ARM.Collect$$libinit$$0000000F  c_w.l(libinit2.o)
    0x080001f6   0x0000000c   Code   RO         1980    .ARM.Collect$$libinit$$00000010  c_w.l(libinit2.o)
    0x08000202   0x00000000   Code   RO         1981    .ARM.Collect$$libinit$$00000011  c_w.l(libinit2.o)
    0x08000202   0x00000000   Code   RO         1983    .ARM.Collect$$libinit$$00000013  c_w.l(libinit2.o)
    0x08000202   0x0000000a   Code   RO         1984    .ARM.Collect$$libinit$$00000014  c_w.l(libinit2.o)
    0x0800020c   0x00000000   Code   RO         1985    .ARM.Collect$$libinit$$00000015  c_w.l(libinit2.o)
    0x0800020c   0x00000000   Code   RO         1987    .ARM.Collect$$libinit$$00000017  c_w.l(libinit2.o)
    0x0800020c   0x00000000   Code   RO         1989    .ARM.Collect$$libinit$$00000019  c_w.l(libinit2.o)
    0x0800020c   0x00000000   Code   RO         1991    .ARM.Collect$$libinit$$0000001B  c_w.l(libinit2.o)
    0x0800020c   0x00000000   Code   RO         1993    .ARM.Collect$$libinit$$0000001D  c_w.l(libinit2.o)
    0x0800020c   0x00000000   Code   RO         1995    .ARM.Collect$$libinit$$0000001F  c_w.l(libinit2.o)
    0x0800020c   0x00000000   Code   RO         1997    .ARM.Collect$$libinit$$00000021  c_w.l(libinit2.o)
    0x0800020c   0x00000000   Code   RO         1999    .ARM.Collect$$libinit$$00000023  c_w.l(libinit2.o)
    0x0800020c   0x00000000   Code   RO         2003    .ARM.Collect$$libinit$$0000002A  c_w.l(libinit2.o)
    0x0800020c   0x00000000   Code   RO         2005    .ARM.Collect$$libinit$$0000002C  c_w.l(libinit2.o)
    0x0800020c   0x00000000   Code   RO         2007    .ARM.Collect$$libinit$$0000002E  c_w.l(libinit2.o)
    0x0800020c   0x00000000   Code   RO         2009    .ARM.Collect$$libinit$$00000030  c_w.l(libinit2.o)
    0x0800020c   0x00000002   Code   RO         2010    .ARM.Collect$$libinit$$00000031  c_w.l(libinit2.o)
    0x0800020e   0x00000002   Code   RO         2040    .ARM.Collect$$libshutdown$$00000000  c_w.l(libshutdown.o)
    0x08000210   0x00000000   Code   RO         2052    .ARM.Collect$$libshutdown$$00000003  c_w.l(libshutdown2.o)
    0x08000210   0x00000000   Code   RO         2055    .ARM.Collect$$libshutdown$$00000006  c_w.l(libshutdown2.o)
    0x08000210   0x00000000   Code   RO         2058    .ARM.Collect$$libshutdown$$00000009  c_w.l(libshutdown2.o)
    0x08000210   0x00000000   Code   RO         2060    .ARM.Collect$$libshutdown$$0000000B  c_w.l(libshutdown2.o)
    0x08000210   0x00000000   Code   RO         2063    .ARM.Collect$$libshutdown$$0000000E  c_w.l(libshutdown2.o)
    0x08000210   0x00000002   Code   RO         2064    .ARM.Collect$$libshutdown$$0000000F  c_w.l(libshutdown2.o)
    0x08000212   0x00000000   Code   RO         1864    .ARM.Collect$$rtentry$$00000000  c_w.l(rtentry.o)
    0x08000212   0x00000000   Code   RO         1892    .ARM.Collect$$rtentry$$00000002  c_w.l(rtentry2.o)
    0x08000212   0x00000006   Code   RO         1904    .ARM.Collect$$rtentry$$00000004  c_w.l(rtentry4.o)
    0x08000218   0x00000000   Code   RO         1894    .ARM.Collect$$rtentry$$00000009  c_w.l(rtentry2.o)
    0x08000218   0x00000004   Code   RO         1895    .ARM.Collect$$rtentry$$0000000A  c_w.l(rtentry2.o)
    0x0800021c   0x00000000   Code   RO         1897    .ARM.Collect$$rtentry$$0000000C  c_w.l(rtentry2.o)
    0x0800021c   0x00000008   Code   RO         1898    .ARM.Collect$$rtentry$$0000000D  c_w.l(rtentry2.o)
    0x08000224   0x00000002   Code   RO         2011    .ARM.Collect$$rtexit$$00000000  c_w.l(rtexit.o)
    0x08000226   0x00000000   Code   RO         2018    .ARM.Collect$$rtexit$$00000002  c_w.l(rtexit2.o)
    0x08000226   0x00000004   Code   RO         2019    .ARM.Collect$$rtexit$$00000003  c_w.l(rtexit2.o)
    0x0800022a   0x00000006   Code   RO         2020    .ARM.Collect$$rtexit$$00000004  c_w.l(rtexit2.o)
    0x08000230   0x00000010   Code   RO         1308    .emb_text           cpuport.o
    0x08000240   0x00000050   Code   RO            3    .text               application.o
    0x08000290   0x000000b0   Code   RO          189    .text               startup.o
    0x08000340   0x00000094   Code   RO          213    .text               board.o
    0x080003d4   0x00000016   Code   RO          247    .text               stm32f10x_it.o
    0x080003ea   0x00000002   PAD
    0x080003ec   0x00000150   Code   RO          273    .text               led.o
    0x0800053c   0x00000308   Code   RO          350    .text               ds1302.o
    0x08000844   0x00000588   Code   RO          377    .text               ds18b20.o
    0x08000dcc   0x000001c0   Code   RO          401    .text               adc.o
    0x08000f8c   0x00000604   Code   RO          423    .text               usart.o
    0x08001590   0x00000534   Code   RO          452    .text               gpio.o
    0x08001ac4   0x000002b4   Code   RO          477    .text               rt_stm32f10x_spi.o
    0x08001d78   0x000000b8   Code   RO          502    .text               rt_spi_flash_device.o
    0x08001e30   0x00000184   Code   RO          547    .text               servo_motor.o
    0x08001fb4   0x000001dc   Code   RO          567    .text               system_stm32f10x.o
    0x08002190   0x00000848   Code   RO          613    .text               stm32f10x_rcc.o
    0x080029d8   0x000002e4   Code   RO          675    .text               stm32f10x_exti.o
    0x08002cbc   0x00000ed4   Code   RO          735    .text               stm32f10x_adc.o
    0x08003b90   0x0000098c   Code   RO          855    .text               stm32f10x_spi.o
    0x0800451c   0x00000a6c   Code   RO          915    .text               stm32f10x_gpio.o
    0x08004f88   0x00000dbc   Code   RO          935    .text               stm32f10x_usart.o
    0x08005d44   0x0000090c   Code   RO          975    .text               stm32f10x_dma.o
    0x08006650   0x000001e8   Code   RO         1035    .text               misc.o
    0x08006838   0x00000040   Code   RO         1056    .text               startup_stm32f10x_hd.o
    0x08006878   0x0000006c   Code   RO         1060    .text               clock.o
    0x080068e4   0x00000044   Code   RO         1074    .text               components.o
    0x08006928   0x00000334   Code   RO         1092    .text               device.o
    0x08006c5c   0x00000138   Code   RO         1106    .text               idle.o
    0x08006d94   0x00001658   Code   RO         1126    .text               ipc.o
    0x080083ec   0x0000007c   Code   RO         1143    .text               irq.o
    0x08008468   0x00000a44   Code   RO         1158    .text               kservice.o
    0x08008eac   0x00000880   Code   RO         1178    .text               mem.o
    0x0800972c   0x000002dc   Code   RO         1215    .text               object.o
    0x08009a08   0x000002fc   Code   RO         1234    .text               scheduler.o
    0x08009d04   0x00000664   Code   RO         1270    .text               thread.o
    0x0800a368   0x0000045c   Code   RO         1289    .text               timer.o
    0x0800a7c4   0x000005d4   Code   RO         1309    .text               cpuport.o
    0x0800ad98   0x000000ec   Code   RO         1328    .text               context_rvds.o
    0x0800ae84   0x00000250   Code   RO         1366    .text               pin.o
    0x0800b0d4   0x00000c34   Code   RO         1384    .text               serial.o
    0x0800bd08   0x00000608   Code   RO         1400    .text               spi_core.o
    0x0800c310   0x0000020c   Code   RO         1422    .text               spi_dev.o
    0x0800c51c   0x00000614   Code   RO         1435    .text               spi_flash_w25qxx.o
    0x0800cb30   0x000001c8   Code   RO         1457    .text               completion.o
    0x0800ccf8   0x00000424   Code   RO         1473    .text               dataqueue.o
    0x0800d11c   0x00000980   Code   RO         1541    .text               shell.o
    0x0800da9c   0x00000d88   Code   RO         1576    .text               cmd.o
    0x0800e824   0x00001818   Code   RO         1600    .text               finsh_compiler.o
    0x0801003c   0x0000002c   Code   RO         1637    .text               finsh_error.o
    0x08010068   0x00000210   Code   RO         1653    .text               finsh_heap.o
    0x08010278   0x00000058   Code   RO         1669    .text               finsh_init.o
    0x080102d0   0x00000184   Code   RO         1687    .text               finsh_node.o
    0x08010454   0x00000ad8   Code   RO         1702    .text               finsh_ops.o
    0x08010f2c   0x0000097c   Code   RO         1720    .text               finsh_parser.o
    0x080118a8   0x00000198   Code   RO         1735    .text               finsh_var.o
    0x08011a40   0x000000e4   Code   RO         1758    .text               finsh_vm.o
    0x08011b24   0x00000680   Code   RO         1781    .text               finsh_token.o
    0x080121a4   0x00000028   Code   RO         1800    .text               c_w.l(noretval__2sprintf.o)
    0x080121cc   0x0000010e   Code   RO         1812    .text               c_w.l(__printf_wp.o)
    0x080122da   0x0000001a   Code   RO         1826    .text               c_w.l(atoi.o)
    0x080122f4   0x00000058   Code   RO         1828    .text               c_w.l(memcmp.o)
    0x0801234c   0x0000003e   Code   RO         1830    .text               c_w.l(strlen.o)
    0x0801238a   0x00000096   Code   RO         1832    .text               c_w.l(strncmp.o)
    0x08012420   0x0000008a   Code   RO         1834    .text               c_w.l(rt_memcpy_v6.o)
    0x080124aa   0x00000064   Code   RO         1836    .text               c_w.l(rt_memcpy_w.o)
    0x0801250e   0x00000044   Code   RO         1838    .text               c_w.l(rt_memclr.o)
    0x08012552   0x0000004e   Code   RO         1840    .text               c_w.l(rt_memclr_w.o)
    0x080125a0   0x00000056   Code   RO         1842    .text               c_w.l(strncpy.o)
    0x080125f6   0x00000002   PAD
    0x080125f8   0x00000080   Code   RO         1844    .text               c_w.l(strcmpv7m.o)
    0x08012678   0x00000006   Code   RO         1846    .text               c_w.l(heapauxi.o)
    0x0801267e   0x00000002   PAD
    0x08012680   0x00000008   Code   RO         1868    .text               c_w.l(rt_errno_addr_intlibspace.o)
    0x08012688   0x00000420   Code   RO         1870    .text               c_w.l(_printf_fp_dec.o)
    0x08012aa8   0x00000030   Code   RO         1872    .text               c_w.l(_printf_char_common.o)
    0x08012ad8   0x0000000a   Code   RO         1874    .text               c_w.l(_sputc.o)
    0x08012ae2   0x00000070   Code   RO         1877    .text               c_w.l(strtol.o)
    0x08012b52   0x00000002   PAD
    0x08012b54   0x00000008   Code   RO         1888    .text               c_w.l(libspace.o)
    0x08012b5c   0x00000010   Code   RO         1906    .text               c_w.l(rt_ctype_table.o)
    0x08012b6c   0x00000008   Code   RO         1911    .text               c_w.l(rt_locale_intlibspace.o)
    0x08012b74   0x0000008a   Code   RO         1913    .text               c_w.l(lludiv10.o)
    0x08012bfe   0x00000002   PAD
    0x08012c00   0x00000080   Code   RO         1915    .text               c_w.l(_printf_fp_infnan.o)
    0x08012c80   0x0000009e   Code   RO         1919    .text               c_w.l(_strtoul.o)
    0x08012d1e   0x00000002   PAD
    0x08012d20   0x000000e4   Code   RO         1921    .text               c_w.l(bigflt0.o)
    0x08012e04   0x0000004a   Code   RO         1953    .text               c_w.l(sys_stackheap_outer.o)
    0x08012e4e   0x0000001c   Code   RO         1955    .text               c_w.l(_chval.o)
    0x08012e6a   0x0000000c   Code   RO         1960    .text               c_w.l(exit.o)
    0x08012e76   0x00000002   PAD
    0x08012e78   0x0000000c   Code   RO         2030    .text               c_w.l(sys_exit.o)
    0x08012e84   0x00000002   Code   RO         2041    .text               c_w.l(use_no_semi.o)
    0x08012e86   0x00000000   Code   RO         2043    .text               c_w.l(indicate_semi.o)
    0x08012e86   0x0000003e   Code   RO         1924    CL$$btod_d2e        c_w.l(btod.o)
    0x08012ec4   0x00000046   Code   RO         1926    CL$$btod_d2e_denorm_low  c_w.l(btod.o)
    0x08012f0a   0x00000060   Code   RO         1925    CL$$btod_d2e_norm_op1  c_w.l(btod.o)
    0x08012f6a   0x00000338   Code   RO         1934    CL$$btod_div_common  c_w.l(btod.o)
    0x080132a2   0x000000c6   Code   RO         1931    CL$$btod_e2e        c_w.l(btod.o)
    0x08013368   0x00000028   Code   RO         1928    CL$$btod_ediv       c_w.l(btod.o)
    0x08013390   0x00000028   Code   RO         1927    CL$$btod_emul       c_w.l(btod.o)
    0x080133b8   0x00000244   Code   RO         1933    CL$$btod_mult_common  c_w.l(btod.o)
    0x080135fc   0x00000028   Code   RO         1951    i.__ARM_fpclassify  m_ws.l(fpclassify.o)
    0x08013624   0x0000000e   Code   RO         1814    i._is_digit         c_w.l(__printf_wp.o)
    0x08013632   0x00000002   PAD
    0x08013634   0x0000002c   Code   RO         1947    locale$$code        c_w.l(lc_numeric_c.o)
    0x08013660   0x0000002c   Code   RO         1958    locale$$code        c_w.l(lc_ctype_c.o)
    0x0801368c   0x00000062   Code   RO         1850    x$fpl$d2f           fz_ws.l(d2f.o)
    0x080136ee   0x00000002   PAD
    0x080136f0   0x00000154   Code   RO         1852    x$fpl$dmul          fz_ws.l(dmul.o)
    0x08013844   0x0000009c   Code   RO         1879    x$fpl$dnaninf       fz_ws.l(dnaninf.o)
    0x080138e0   0x0000000c   Code   RO         1881    x$fpl$dretinf       fz_ws.l(dretinf.o)
    0x080138ec   0x00000056   Code   RO         1854    x$fpl$f2d           fz_ws.l(f2d.o)
    0x08013942   0x00000002   PAD
    0x08013944   0x00000030   Code   RO         1857    x$fpl$fflt          fz_ws.l(fflt_clz.o)
    0x08013974   0x00000026   Code   RO         1856    x$fpl$ffltu         fz_ws.l(fflt_clz.o)
    0x0801399a   0x0000008c   Code   RO         1883    x$fpl$fnaninf       fz_ws.l(fnaninf.o)
    0x08013a26   0x0000000a   Code   RO         1885    x$fpl$fretinf       fz_ws.l(fretinf.o)
    0x08013a30   0x00000004   Code   RO         1862    x$fpl$printf1       fz_ws.l(printf1.o)
    0x08013a34   0x00000000   Code   RO         1887    x$fpl$usenofp       fz_ws.l(usenofp.o)
    0x08013a34   0x0000005c   Data   RO          425    .constdata          usart.o
    0x08013a90   0x000004e8   Data   RO          453    .constdata          gpio.o
    0x08013f78   0x000000a8   Data   RO         1093    .constdata          device.o
    0x08014020   0x00000016   Data   RO         1108    .constdata          idle.o
    0x08014036   0x000001d7   Data   RO         1127    .constdata          ipc.o
    0x0801420d   0x00000022   Data   RO         1160    .constdata          kservice.o
    0x0801422f   0x00000001   PAD
    0x08014230   0x00000138   Data   RO         1180    .constdata          mem.o
    0x08014368   0x0000005e   Data   RO         1216    .constdata          object.o
    0x080143c6   0x0000004e   Data   RO         1236    .constdata          scheduler.o
    0x08014414   0x000000aa   Data   RO         1271    .constdata          thread.o
    0x080144be   0x0000005c   Data   RO         1290    .constdata          timer.o
    0x0801451a   0x00000013   Data   RO         1310    .constdata          cpuport.o
    0x0801452d   0x0000007e   Data   RO         1368    .constdata          pin.o
    0x080145ab   0x0000012a   Data   RO         1385    .constdata          serial.o
    0x080146d5   0x000000a3   Data   RO         1401    .constdata          spi_core.o
    0x08014778   0x00000081   Data   RO         1423    .constdata          spi_dev.o
    0x080147f9   0x00000027   Data   RO         1437    .constdata          spi_flash_w25qxx.o
    0x08014820   0x00000039   Data   RO         1458    .constdata          completion.o
    0x08014859   0x0000004b   Data   RO         1474    .constdata          dataqueue.o
    0x080148a4   0x0000005b   Data   RO         1543    .constdata          shell.o
    0x080148ff   0x00000001   PAD
    0x08014900   0x00000094   Data   RO         1577    .constdata          cmd.o
    0x08014994   0x000000c4   Data   RO         1703    .constdata          finsh_ops.o
    0x08014a58   0x00000040   Data   RO         1782    .constdata          finsh_token.o
    0x08014a98   0x00000094   Data   RO         1922    .constdata          c_w.l(bigflt0.o)
    0x08014b2c   0x000000f6   Data   RO         1578    .conststring        cmd.o
    0x08014c22   0x000000d8   Data   RO         1638    .conststring        finsh_error.o
    0x08014cfa   0x0000002c   Data   RO         1783    .conststring        finsh_token.o
    0x08014d26   0x00000024   Data   RO          276    .rodata.name        led.o
    0x08014d4a   0x00000027   Data   RO         1182    .rodata.name        mem.o
    0x08014d71   0x00000069   Data   RO         1369    .rodata.name        pin.o
    0x08014dda   0x000001b3   Data   RO         1580    .rodata.name        cmd.o
    0x08014f8d   0x00000003   PAD
    0x08014f90   0x00000004   Data   RO         1075    .rti_fn.0           components.o
    0x08014f94   0x00000004   Data   RO         1076    .rti_fn.0.end       components.o
    0x08014f98   0x00000004   Data   RO          455    .rti_fn.1           gpio.o
    0x08014f9c   0x00000004   Data   RO         1077    .rti_fn.1.end       components.o
    0x08014fa0   0x00000004   Data   RO          505    .rti_fn.3           rt_spi_flash_device.o
    0x08014fa4   0x00000004   Data   RO         1545    .rti_fn.6           shell.o
    0x08014fa8   0x00000004   Data   RO         1078    .rti_fn.6.end       components.o
    0x08014fac   0x0000000c   Data   RO          277    FSymTab             led.o
    0x08014fb8   0x0000000c   Data   RO         1183    FSymTab             mem.o
    0x08014fc4   0x00000024   Data   RO         1370    FSymTab             pin.o
    0x08014fe8   0x00000090   Data   RO         1581    FSymTab             cmd.o
    0x08015078   0x00000020   Data   RO         2089    Region$$Table       anon$$obj.o
    0x08015098   0x00000010   Data   RO         1582    VSymTab             cmd.o
    0x080150a8   0x0000001c   Data   RO         1946    locale$$data        c_w.l(lc_numeric_c.o)
    0x080150c4   0x00000110   Data   RO         1957    locale$$data        c_w.l(lc_ctype_c.o)


    Execution Region RW_IRAM1 (Base: 0x20000000, Size: 0x000025b8, Max: 0x00010000, ABSOLUTE, COMPRESSED[0x000000d8])

    Base Addr    Size         Type   Attr      Idx    E Section Name        Object

    0x20000000   0x00000001   Data   RW          275    .data               led.o
    0x20000001   0x00000010   Data   RW          352    .data               ds1302.o
    0x20000011   0x00000001   Data   RW          379    .data               ds18b20.o
    0x20000012   0x00000002   PAD
    0x20000014   0x00000054   Data   RW          426    .data               usart.o
    0x20000068   0x000000c0   Data   RW          454    .data               gpio.o
    0x20000128   0x00000008   Data   RW          478    .data               rt_stm32f10x_spi.o
    0x20000130   0x00000008   Data   RW          504    .data               rt_spi_flash_device.o
    0x20000138   0x00000014   Data   RW          568    .data               system_stm32f10x.o
    0x2000014c   0x00000014   Data   RW          614    .data               stm32f10x_rcc.o
    0x20000160   0x00000004   Data   RW         1061    .data               clock.o
    0x20000164   0x00000004   Data   RW         1109    .data               idle.o
    0x20000168   0x00000009   Data   RW         1144    .data               irq.o
    0x20000171   0x00000003   PAD
    0x20000174   0x0000000c   Data   RW         1161    .data               kservice.o
    0x20000180   0x00000020   Data   RW         1181    .data               mem.o
    0x200001a0   0x000000a4   Data   RW         1217    .data               object.o
    0x20000244   0x0000001c   Data   RW         1237    .data               scheduler.o
    0x20000260   0x0000000c   Data   RW         1272    .data               thread.o
    0x2000026c   0x00000010   Data   RW         1291    .data               timer.o
    0x2000027c   0x00000010   Data   RW         1311    .data               cpuport.o
    0x2000028c   0x00000004   Data   RW         1544    .data               shell.o
    0x20000290   0x00000010   Data   RW         1563    .data               symbol.o
    0x200002a0   0x00000004   Data   RW         1579    .data               cmd.o
    0x200002a4   0x00000008   Data   RW         1601    .data               finsh_compiler.o
    0x200002ac   0x0000003d   Data   RW         1639    .data               finsh_error.o
    0x200002e9   0x00000003   PAD
    0x200002ec   0x00000008   Data   RW         1655    .data               finsh_heap.o
    0x200002f4   0x00000004   Data   RW         1737    .data               finsh_var.o
    0x200002f8   0x0000000c   Data   RW         1760    .data               finsh_vm.o
    0x20000304   0x00000280   Zero   RW          274    .bss                led.o
    0x20000584   0x00000280   Zero   RW          351    .bss                ds1302.o
    0x20000804   0x000002c0   Zero   RW          378    .bss                ds18b20.o
    0x20000ac4   0x00000280   Zero   RW          402    .bss                adc.o
    0x20000d44   0x000000fc   Zero   RW          424    .bss                usart.o
    0x20000e40   0x000000bc   Zero   RW          503    .bss                rt_spi_flash_device.o
    0x20000efc   0x00000180   Zero   RW         1107    .bss                idle.o
    0x2000107c   0x00000080   Zero   RW         1159    .bss                kservice.o
    0x200010fc   0x00000020   Zero   RW         1179    .bss                mem.o
    0x2000111c   0x00000100   Zero   RW         1235    .bss                scheduler.o
    0x2000121c   0x00000044   Zero   RW         1367    .bss                pin.o
    0x20001260   0x00000078   Zero   RW         1436    .bss                spi_flash_w25qxx.o
    0x200012d8   0x00000880   Zero   RW         1542    .bss                shell.o
    0x20001b58   0x00000080   Zero   RW         1654    .bss                finsh_heap.o
    0x20001bd8   0x00000140   Zero   RW         1688    .bss                finsh_node.o
    0x20001d18   0x000000c0   Zero   RW         1736    .bss                finsh_var.o
    0x20001dd8   0x00000180   Zero   RW         1759    .bss                finsh_vm.o
    0x20001f58   0x00000060   Zero   RW         1889    .bss                c_w.l(libspace.o)
    0x20001fb8   0x00000200   Zero   RW         1054    HEAP                startup_stm32f10x_hd.o
    0x200021b8   0x00000400   Zero   RW         1053    STACK               startup_stm32f10x_hd.o


==============================================================================

Image component sizes


      Code (inc. data)   RO Data    RW Data    ZI Data      Debug   Object Name

       448         78          0          0        640       2332   adc.o
        80          8          0          0          0     272103   application.o
       148         20          0          0          0      23033   board.o
       108          6          0          4          0       1432   clock.o
      3464       1300        989          4          0      12599   cmd.o
       456        124         57          0          0       4103   completion.o
        68         12         16          0          0       1872   components.o
       236         24          0          0          0        712   context_rvds.o
      1508        718         19         16          0       4267   cpuport.o
      1060        114         75          0          0       4681   dataqueue.o
       820        134        168          0          0       4661   device.o
       776        100          0         16        640       3037   ds1302.o
      1416        184          0          1        704       5306   ds18b20.o
      6168        154          0          8          0      10954   finsh_compiler.o
        44         10        216         61          0       1697   finsh_error.o
       528         18          0          8        128       3439   finsh_heap.o
        88          6          0          0          0       1608   finsh_init.o
       388          4          0          0        320       3336   finsh_node.o
      2776         36        196          0          0       8804   finsh_ops.o
      2428         32          0          0          0       9541   finsh_parser.o
      1664         16        108          0          0       6096   finsh_token.o
       408         16          0          4        192       7369   finsh_var.o
       228         34          0         12        384       6504   finsh_vm.o
      1332         20       1260        192          0       6417   gpio.o
       312         74         22          4        384       4373   idle.o
      5720        418        471          0          0      20331   ipc.o
       124         14          0          9          0       1896   irq.o
      2628        226         34         12        128      11599   kservice.o
       336         52         48          1        640      13120   led.o
      2176        558        363         32         32       5359   mem.o
       488         74          0          0          0       2101   misc.o
       732        150         94        164          0       6860   object.o
       592         94        267          0         68       4807   pin.o
       184         44          4          8        188       1695   rt_spi_flash_device.o
       692         26          0          8          0       3585   rt_stm32f10x_spi.o
       764        150         78         28        256       5993   scheduler.o
      3124        394        298          0          0       9237   serial.o
       388         16          0          0          0        975   servo_motor.o
      2432        262         95          4       2176       6119   shell.o
      1544        114        163          0          0       5474   spi_core.o
       524        148        129          0          0       3267   spi_dev.o
      1556        466         39          0        120       8122   spi_flash_w25qxx.o
       176         88          0          0          0       1267   startup.o
        64         26        304          0       1536        848   startup_stm32f10x_hd.o
      3796        130          0          0          0      13029   stm32f10x_adc.o
      2316        160          0          0          0       5566   stm32f10x_dma.o
       740         70          0          0          0       2715   stm32f10x_exti.o
      2668        204          0          0          0       7153   stm32f10x_gpio.o
        22          0          0          0          0       1166   stm32f10x_it.o
      2120        122          0         20          0      10116   stm32f10x_rcc.o
      2444        102          0          0          0       7886   stm32f10x_spi.o
      3516        148          0          0          0      10232   stm32f10x_usart.o
         0          0          0         16          0       4293   symbol.o
       476         36          0         20          0       2087   system_stm32f10x.o
      1636        276        170         12          0       9477   thread.o
      1116        100         92         16          0       7847   timer.o
      1540        156         92         84        252      28083   usart.o

    ----------------------------------------------------------------------
     73588       8066       5904        772       8788     632581   Object Totals
         0          0         32          0          0          0   (incl. Generated)
         2          0          5          8          0          0   (incl. Padding)

    ----------------------------------------------------------------------

      Code (inc. data)   RO Data    RW Data    ZI Data      Debug   Library Member Name

        90          0          0          0          0          0   __dczerorl2.o
         8          0          0          0          0         68   __main.o
       284          0          0          0          0        156   __printf_wp.o
        52          8          0          0          0          0   __scatter.o
        28          0          0          0          0          0   __scatter_zi.o
        28          0          0          0          0         68   _chval.o
        48          6          0          0          0         96   _printf_char_common.o
         6          0          0          0          0          0   _printf_f.o
      1056          0          0          0          0        212   _printf_fp_dec.o
       128         16          0          0          0         84   _printf_fp_infnan.o
         0          0          0          0          0          0   _printf_percent.o
         4          0          0          0          0          0   _printf_percent_end.o
        10          0          0          0          0         68   _sputc.o
       158          0          0          0          0         92   _strtoul.o
        26          0          0          0          0         80   atoi.o
       228          6        148          0          0         96   bigflt0.o
      1910        128          0          0          0        672   btod.o
        12          0          0          0          0         72   exit.o
         6          0          0          0          0        152   heapauxi.o
         0          0          0          0          0          0   indicate_semi.o
        44         10        272          0          0         76   lc_ctype_c.o
        44         10         28          0          0         76   lc_numeric_c.o
         2          0          0          0          0          0   libinit.o
        30          0          0          0          0          0   libinit2.o
         2          0          0          0          0          0   libshutdown.o
         2          0          0          0          0          0   libshutdown2.o
         8          4          0          0         96         68   libspace.o
       138          0          0          0          0         80   lludiv10.o
        88          0          0          0          0         76   memcmp.o
        40          6          0          0          0         84   noretval__2sprintf.o
        16          4          0          0          0         76   rt_ctype_table.o
         8          4          0          0          0         68   rt_errno_addr_intlibspace.o
         8          4          0          0          0         68   rt_locale_intlibspace.o
        68          0          0          0          0         68   rt_memclr.o
        78          0          0          0          0         80   rt_memclr_w.o
       138          0          0          0          0         68   rt_memcpy_v6.o
       100          0          0          0          0         80   rt_memcpy_w.o
         0          0          0          0          0          0   rtentry.o
        12          0          0          0          0          0   rtentry2.o
         6          0          0          0          0          0   rtentry4.o
         2          0          0          0          0          0   rtexit.o
        10          0          0          0          0          0   rtexit2.o
       128          0          0          0          0         68   strcmpv7m.o
        62          0          0          0          0         76   strlen.o
       150          0          0          0          0         80   strncmp.o
        86          0          0          0          0         76   strncpy.o
       112          0          0          0          0         88   strtol.o
        12          4          0          0          0         68   sys_exit.o
        74          0          0          0          0         80   sys_stackheap_outer.o
         2          0          0          0          0         68   use_no_semi.o
        98          4          0          0          0         92   d2f.o
       340         12          0          0          0        104   dmul.o
       156          4          0          0          0         92   dnaninf.o
        12          0          0          0          0         68   dretinf.o
        86          4          0          0          0         84   f2d.o
        86          0          0          0          0        136   fflt_clz.o
       140          4          0          0          0         84   fnaninf.o
        10          0          0          0          0         68   fretinf.o
         4          0          0          0          0         68   printf1.o
         0          0          0          0          0          0   usenofp.o
        40          0          0          0          0         68   fpclassify.o

    ----------------------------------------------------------------------
      6544        238        448          0         96       4352   Library Totals
        20          0          0          0          0          0   (incl. Padding)

    ----------------------------------------------------------------------

      Code (inc. data)   RO Data    RW Data    ZI Data      Debug   Library Name

      5552        210        448          0         96       3488   c_w.l
       932         28          0          0          0        796   fz_ws.l
        40          0          0          0          0         68   m_ws.l

    ----------------------------------------------------------------------
      6544        238        448          0         96       4352   Library Totals

    ----------------------------------------------------------------------

==============================================================================


      Code (inc. data)   RO Data    RW Data    ZI Data      Debug   

     80132       8304       6352        772       8884     629601   Grand Totals
     80132       8304       6352        216       8884     629601   ELF Image Totals (compressed)
     80132       8304       6352        216          0          0   ROM Totals

==============================================================================

    Total RO  Size (Code + RO Data)                86484 (  84.46kB)
    Total RW  Size (RW Data + ZI Data)              9656 (   9.43kB)
    Total ROM Size (Code + RO Data + RW Data)      86700 (  84.67kB)

==============================================================================

