ARM Linker, 5.03 [Build 24] [MDK-ARM Professional]

==============================================================================

Section Cross References

    application.o(.text) refers to components.o(.text) for rt_components_init
    application.o(.text) refers to led.o(.text) for rt_led_init
    application.o(.text) refers to ds1302.o(.text) for rt_ds1302_init
    application.o(.text) refers to ds18b20.o(.text) for rt_ds18b20_init
    application.o(.text) refers to adc.o(.text) for rt_adc_init
    application.o(.text) refers to thread.o(.text) for rt_thread_create
    startup.o(.text) refers to kservice.o(.text) for rt_kprintf
    startup.o(.text) refers to board.o(.text) for rt_hw_board_init
    startup.o(.text) refers to mem.o(.text) for rt_system_heap_init
    startup.o(.text) refers to scheduler.o(.text) for rt_system_scheduler_init
    startup.o(.text) refers to timer.o(.text) for rt_system_timer_init
    startup.o(.text) refers to application.o(.text) for rt_application_init
    startup.o(.text) refers to idle.o(.text) for rt_thread_idle_init
    startup.o(.text) refers to context_rvds.o(.text) for rt_hw_interrupt_disable
    board.o(.text) refers to misc.o(.text) for NVIC_SetVectorTable
    board.o(.text) refers to irq.o(.text) for rt_interrupt_enter
    board.o(.text) refers to clock.o(.text) for rt_tick_increase
    board.o(.text) refers to gpio.o(.text) for stm32_hw_pin_init
    board.o(.text) refers to usart.o(.text) for rt_hw_usart_init
    board.o(.text) refers to kservice.o(.text) for rt_console_set_device
    board.o(.text) refers to spi_flash_w25qxx.o(.text) for w25qxx_init
    board.o(.text) refers to components.o(.text) for rt_components_board_init
    board.o(.text) refers to system_stm32f10x.o(.data) for SystemCoreClock
    led.o(.text) refers to stm32f10x_rcc.o(.text) for RCC_APB2PeriphClockCmd
    led.o(.text) refers to stm32f10x_gpio.o(.text) for GPIO_Init
    led.o(.text) refers to pin.o(.text) for rt_pin_mode
    led.o(.text) refers to thread.o(.text) for rt_thread_delay
    led.o(.text) refers to kservice.o(.text) for rt_kprintf
    led.o(.text) refers to led.o(.bss) for led_stack
    led.o(.text) refers to led.o(.data) for led_inited
    led.o(FSymTab) refers to led.o(.rodata.name) for __fsym_led_name
    led.o(FSymTab) refers to led.o(.text) for led
    ds1302.o(.text) refers to stm32f10x_gpio.o(.text) for GPIO_ResetBits
    ds1302.o(.text) refers to stm32f10x_rcc.o(.text) for RCC_APB2PeriphClockCmd
    ds1302.o(.text) refers to kservice.o(.text) for rt_kprintf
    ds1302.o(.text) refers to thread.o(.text) for rt_thread_delay
    ds1302.o(.text) refers to ds1302.o(.data) for rtc_init
    ds1302.o(.text) refers to ds1302.o(.bss) for ds1302_stack
    ds18b20.o(.text) refers to _printf_percent.o(.ARM.Collect$$_printf_percent$$00000000) for _printf_percent
    ds18b20.o(.text) refers to _printf_f.o(.ARM.Collect$$_printf_percent$$00000003) for _printf_f
    ds18b20.o(.text) refers to printf1.o(x$fpl$printf1) for _printf_fp_dec
    ds18b20.o(.text) refers to stm32f10x_rcc.o(.text) for RCC_APB2PeriphClockCmd
    ds18b20.o(.text) refers to stm32f10x_gpio.o(.text) for GPIO_Init
    ds18b20.o(.text) refers to fflt_clz.o(x$fpl$fflt) for __aeabi_i2f
    ds18b20.o(.text) refers to f2d.o(x$fpl$f2d) for __aeabi_f2d
    ds18b20.o(.text) refers to dmul.o(x$fpl$dmul) for __aeabi_dmul
    ds18b20.o(.text) refers to d2f.o(x$fpl$d2f) for __aeabi_d2f
    ds18b20.o(.text) refers to kservice.o(.text) for rt_kprintf
    ds18b20.o(.text) refers to ds18b20.o(.bss) for DS18B20_ID
    ds18b20.o(.text) refers to ds18b20.o(.data) for DS18B20_sensornum
    ds18b20.o(.text) refers to noretval__2sprintf.o(.text) for __2sprintf
    ds18b20.o(.text) refers to thread.o(.text) for rt_thread_delay
    adc.o(.text) refers to _printf_percent.o(.ARM.Collect$$_printf_percent$$00000000) for _printf_percent
    adc.o(.text) refers to _printf_f.o(.ARM.Collect$$_printf_percent$$00000003) for _printf_f
    adc.o(.text) refers to printf1.o(x$fpl$printf1) for _printf_fp_dec
    adc.o(.text) refers to stm32f10x_rcc.o(.text) for RCC_APB2PeriphClockCmd
    adc.o(.text) refers to stm32f10x_gpio.o(.text) for GPIO_Init
    adc.o(.text) refers to stm32f10x_adc.o(.text) for ADC_DeInit
    adc.o(.text) refers to thread.o(.text) for rt_thread_delay
    adc.o(.text) refers to fflt_clz.o(x$fpl$ffltu) for __aeabi_ui2f
    adc.o(.text) refers to f2d.o(x$fpl$f2d) for __aeabi_f2d
    adc.o(.text) refers to dmul.o(x$fpl$dmul) for __aeabi_dmul
    adc.o(.text) refers to d2f.o(x$fpl$d2f) for __aeabi_d2f
    adc.o(.text) refers to noretval__2sprintf.o(.text) for __2sprintf
    adc.o(.text) refers to kservice.o(.text) for rt_kprintf
    adc.o(.text) refers to adc.o(.bss) for adc_stack
    usart.o(.text) refers to kservice.o(.text) for rt_assert_handler
    usart.o(.text) refers to stm32f10x_usart.o(.text) for USART_Init
    usart.o(.text) refers to stm32f10x_rcc.o(.text) for RCC_AHBPeriphClockCmd
[...]
    ADC_SoftwareStartInjectedConvCmd         0x080030bf   Thumb Code    80  stm32f10x_adc.o(.text)
    ADC_GetSoftwareStartInjectedConvCmdStatus 0x0800310f   Thumb Code    56  stm32f10x_adc.o(.text)
    ADC_InjectedChannelConfig                0x08003147   Thumb Code   336  stm32f10x_adc.o(.text)
    ADC_InjectedSequencerLengthConfig        0x08003297   Thumb Code    84  stm32f10x_adc.o(.text)
    ADC_SetInjectedOffset                    0x080032eb   Thumb Code   108  stm32f10x_adc.o(.text)
    ADC_GetInjectedConversionValue           0x08003357   Thumb Code    92  stm32f10x_adc.o(.text)
    ADC_AnalogWatchdogCmd                    0x080033b3   Thumb Code   106  stm32f10x_adc.o(.text)
    ADC_AnalogWatchdogThresholdsConfig       0x0800341d   Thumb Code   110  stm32f10x_adc.o(.text)
    ADC_AnalogWatchdogSingleChannelConfig    0x0800348b   Thumb Code   136  stm32f10x_adc.o(.text)
    ADC_TempSensorVrefintCmd                 0x08003513   Thumb Code    62  stm32f10x_adc.o(.text)
    ADC_GetFlagStatus                        0x08003551   Thumb Code    90  stm32f10x_adc.o(.text)
    ADC_ClearFlag                            0x080035ab   Thumb Code    66  stm32f10x_adc.o(.text)
    ADC_GetITStatus                          0x080035ed   Thumb Code   112  stm32f10x_adc.o(.text)
    ADC_ClearITPendingBit                    0x0800365d   Thumb Code    72  stm32f10x_adc.o(.text)
    GPIO_DeInit                              0x080036b1   Thumb Code   224  stm32f10x_gpio.o(.text)
    GPIO_AFIODeInit                          0x08003791   Thumb Code    20  stm32f10x_gpio.o(.text)
    GPIO_Init                                0x080037a5   Thumb Code   378  stm32f10x_gpio.o(.text)
    GPIO_StructInit                          0x0800391f   Thumb Code    16  stm32f10x_gpio.o(.text)
    GPIO_ReadInputDataBit                    0x0800392f   Thumb Code   170  stm32f10x_gpio.o(.text)
    GPIO_ReadInputData                       0x080039d9   Thumb Code    64  stm32f10x_gpio.o(.text)
    GPIO_ReadOutputDataBit                   0x08003a19   Thumb Code   260  stm32f10x_gpio.o(.text)
    GPIO_ReadOutputData                      0x08003b1d   Thumb Code    66  stm32f10x_gpio.o(.text)
    GPIO_SetBits                             0x08003b5f   Thumb Code    86  stm32f10x_gpio.o(.text)
    GPIO_ResetBits                           0x08003bb5   Thumb Code    86  stm32f10x_gpio.o(.text)
    GPIO_WriteBit                            0x08003c0b   Thumb Code   188  stm32f10x_gpio.o(.text)
    GPIO_Write                               0x08003cc7   Thumb Code    66  stm32f10x_gpio.o(.text)
    GPIO_PinLockConfig                       0x08003d09   Thumb Code   100  stm32f10x_gpio.o(.text)
    GPIO_EventOutputConfig                   0x08003d6d   Thumb Code   138  stm32f10x_gpio.o(.text)
    GPIO_EventOutputCmd                      0x08003df7   Thumb Code    30  stm32f10x_gpio.o(.text)
    GPIO_PinRemapConfig                      0x08003e15   Thumb Code   538  stm32f10x_gpio.o(.text)
    GPIO_EXTILineConfig                      0x0800402f   Thumb Code   186  stm32f10x_gpio.o(.text)
    GPIO_ETH_MediaInterfaceConfig            0x080040e9   Thumb Code    30  stm32f10x_gpio.o(.text)
    USART_DeInit                             0x0800411d   Thumb Code   174  stm32f10x_usart.o(.text)
    USART_Init                               0x080041cb   Thumb Code   450  stm32f10x_usart.o(.text)
    USART_StructInit                         0x0800438d   Thumb Code    24  stm32f10x_usart.o(.text)
    USART_ClockInit                          0x080043a5   Thumb Code   162  stm32f10x_usart.o(.text)
    USART_ClockStructInit                    0x08004447   Thumb Code    12  stm32f10x_usart.o(.text)
    USART_Cmd                                0x08004453   Thumb Code    90  stm32f10x_usart.o(.text)
    USART_ITConfig                           0x080044ad   Thumb Code   338  stm32f10x_usart.o(.text)
    USART_DMACmd                             0x080045ff   Thumb Code   114  stm32f10x_usart.o(.text)
    USART_SetAddress                         0x08004671   Thumb Code    86  stm32f10x_usart.o(.text)
    USART_WakeUpConfig                       0x080046c7   Thumb Code    90  stm32f10x_usart.o(.text)
    USART_ReceiverWakeUpCmd                  0x08004721   Thumb Code    94  stm32f10x_usart.o(.text)
    USART_LINBreakDetectLengthConfig         0x0800477f   Thumb Code    88  stm32f10x_usart.o(.text)
    USART_LINCmd                             0x080047d7   Thumb Code    94  stm32f10x_usart.o(.text)
    USART_SendData                           0x08004835   Thumb Code    78  stm32f10x_usart.o(.text)
    USART_ReceiveData                        0x08004883   Thumb Code    56  stm32f10x_usart.o(.text)
    USART_SendBreak                          0x080048bb   Thumb Code    58  stm32f10x_usart.o(.text)
    USART_SetGuardTime                       0x080048f5   Thumb Code    54  stm32f10x_usart.o(.text)
    USART_SetPrescaler                       0x0800492b   Thumb Code    66  stm32f10x_usart.o(.text)
    USART_SmartCardCmd                       0x0800496d   Thumb Code   104  stm32f10x_usart.o(.text)
    USART_SmartCardNACKCmd                   0x080049d5   Thumb Code    82  stm32f10x_usart.o(.text)
    USART_HalfDuplexCmd                      0x08004a27   Thumb Code    94  stm32f10x_usart.o(.text)
    USART_OverSampling8Cmd                   0x08004a85   Thumb Code    92  stm32f10x_usart.o(.text)
    USART_OneBitMethodCmd                    0x08004ae1   Thumb Code    94  stm32f10x_usart.o(.text)
    USART_IrDAConfig                         0x08004b3f   Thumb Code    88  stm32f10x_usart.o(.text)
    USART_IrDACmd                            0x08004b97   Thumb Code    94  stm32f10x_usart.o(.text)
    USART_GetFlagStatus                      0x08004bf5   Thumb Code   164  stm32f10x_usart.o(.text)
    USART_ClearFlag                          0x08004c99   Thumb Code   122  stm32f10x_usart.o(.text)
    USART_GetITStatus                        0x08004d13   Thumb Code   276  stm32f10x_usart.o(.text)
    USART_ClearITPendingBit                  0x08004e27   Thumb Code   156  stm32f10x_usart.o(.text)
    DMA_DeInit                               0x08004ed9   Thumb Code   430  stm32f10x_dma.o(.text)
    DMA_Init                                 0x08005087   Thumb Code   388  stm32f10x_dma.o(.text)
    DMA_StructInit                           0x0800520b   Thumb Code    26  stm32f10x_dma.o(.text)
    DMA_Cmd                                  0x08005225   Thumb Code   220  stm32f10x_dma.o(.text)
    DMA_ITConfig                             0x08005301   Thumb Code   174  stm32f10x_dma.o(.text)
    DMA_SetCurrDataCounter                   0x080053af   Thumb Code   116  stm32f10x_dma.o(.text)
    DMA_GetCurrDataCounter                   0x08005423   Thumb Code   116  stm32f10x_dma.o(.text)
    DMA_GetFlagStatus                        0x08005497   Thumb Code   326  stm32f10x_dma.o(.text)
    DMA_ClearFlag                            0x080055dd   Thumb Code    54  stm32f10x_dma.o(.text)
    DMA_GetITStatus                          0x08005613   Thumb Code   376  stm32f10x_dma.o(.text)
    DMA_ClearITPendingBit                    0x0800578b   Thumb Code    52  stm32f10x_dma.o(.text)
    NVIC_PriorityGroupConfig                 0x080057e5   Thumb Code    54  misc.o(.text)
    NVIC_Init                                0x0800581b   Thumb Code   160  misc.o(.text)
    NVIC_SetVectorTable                      0x080058bb   Thumb Code    60  misc.o(.text)
    NVIC_SystemLPConfig                      0x080058f7   Thumb Code    78  misc.o(.text)
    SysTick_CLKSourceConfig                  0x08005945   Thumb Code    62  misc.o(.text)
    Reset_Handler                            0x080059cd   Thumb Code     8  startup_stm32f10x_hd.o(.text)
    ADC1_2_IRQHandler                        0x080059e7   Thumb Code     0  startup_stm32f10x_hd.o(.text)
    ADC3_IRQHandler                          0x080059e7   Thumb Code     0  startup_stm32f10x_hd.o(.text)
    CAN1_RX1_IRQHandler                      0x080059e7   Thumb Code     0  startup_stm32f10x_hd.o(.text)
    CAN1_SCE_IRQHandler                      0x080059e7   Thumb Code     0  startup_stm32f10x_hd.o(.text)
    DMA1_Channel1_IRQHandler                 0x080059e7   Thumb Code     0  startup_stm32f10x_hd.o(.text)
    DMA1_Channel2_IRQHandler                 0x080059e7   Thumb Code     0  startup_stm32f10x_hd.o(.text)
    DMA1_Channel4_IRQHandler                 0x080059e7   Thumb Code     0  startup_stm32f10x_hd.o(.text)
    DMA1_Channel7_IRQHandler                 0x080059e7   Thumb Code     0  startup_stm32f10x_hd.o(.text)
    DMA2_Channel1_IRQHandler                 0x080059e7   Thumb Code     0  startup_stm32f10x_hd.o(.text)
    DMA2_Channel2_IRQHandler                 0x080059e7   Thumb Code     0  startup_stm32f10x_hd.o(.text)
    DMA2_Channel3_IRQHandler                 0x080059e7   Thumb Code     0  startup_stm32f10x_hd.o(.text)
    DMA2_Channel4_5_IRQHandler               0x080059e7   Thumb Code     0  startup_stm32f10x_hd.o(.text)
    FLASH_IRQHandler                         0x080059e7   Thumb Code     0  startup_stm32f10x_hd.o(.text)
    FSMC_IRQHandler                          0x080059e7   Thumb Code     0  startup_stm32f10x_hd.o(.text)
    I2C1_ER_IRQHandler                       0x080059e7   Thumb Code     0  startup_stm32f10x_hd.o(.text)
    I2C1_EV_IRQHandler                       0x080059e7   Thumb Code     0  startup_stm32f10x_hd.o(.text)
    I2C2_ER_IRQHandler                       0x080059e7   Thumb Code     0  startup_stm32f10x_hd.o(.text)
    I2C2_EV_IRQHandler                       0x080059e7   Thumb Code     0  startup_stm32f10x_hd.o(.text)
    PVD_IRQHandler                           0x080059e7   Thumb Code     0  startup_stm32f10x_hd.o(.text)
    RCC_IRQHandler                           0x080059e7   Thumb Code     0  startup_stm32f10x_hd.o(.text)
    RTCAlarm_IRQHandler                      0x080059e7   Thumb Code     0  startup_stm32f10x_hd.o(.text)
    RTC_IRQHandler                           0x080059e7   Thumb Code     0  startup_stm32f10x_hd.o(.text)
    SDIO_IRQHandler                          0x080059e7   Thumb Code     0  startup_stm32f10x_hd.o(.text)
    SPI1_IRQHandler                          0x080059e7   Thumb Code     0  startup_stm32f10x_hd.o(.text)
    SPI2_IRQHandler                          0x080059e7   Thumb Code     0  startup_stm32f10x_hd.o(.text)
    SPI3_IRQHandler                          0x080059e7   Thumb Code     0  startup_stm32f10x_hd.o(.text)
    TAMPER_IRQHandler                        0x080059e7   Thumb Code     0  startup_stm32f10x_hd.o(.text)
    TIM1_BRK_IRQHandler                      0x080059e7   Thumb Code     0  startup_stm32f10x_hd.o(.text)
    TIM1_CC_IRQHandler                       0x080059e7   Thumb Code     0  startup_stm32f10x_hd.o(.text)
    TIM1_TRG_COM_IRQHandler                  0x080059e7   Thumb Code     0  startup_stm32f10x_hd.o(.text)
    TIM1_UP_IRQHandler                       0x080059e7   Thumb Code     0  startup_stm32f10x_hd.o(.text)
    TIM2_IRQHandler                          0x080059e7   Thumb Code     0  startup_stm32f10x_hd.o(.text)
    TIM3_IRQHandler                          0x080059e7   Thumb Code     0  startup_stm32f10x_hd.o(.text)
    TIM4_IRQHandler                          0x080059e7   Thumb Code     0  startup_stm32f10x_hd.o(.text)
    TIM5_IRQHandler                          0x080059e7   Thumb Code     0  startup_stm32f10x_hd.o(.text)
    TIM6_IRQHandler                          0x080059e7   Thumb Code     0  startup_stm32f10x_hd.o(.text)
    TIM7_IRQHandler                          0x080059e7   Thumb Code     0  startup_stm32f10x_hd.o(.text)
    TIM8_BRK_IRQHandler                      0x080059e7   Thumb Code     0  startup_stm32f10x_hd.o(.text)
    TIM8_CC_IRQHandler                       0x080059e7   Thumb Code     0  startup_stm32f10x_hd.o(.text)
    TIM8_TRG_COM_IRQHandler                  0x080059e7   Thumb Code     0  startup_stm32f10x_hd.o(.text)
    TIM8_UP_IRQHandler                       0x080059e7   Thumb Code     0  startup_stm32f10x_hd.o(.text)
    UART4_IRQHandler                         0x080059e7   Thumb Code     0  startup_stm32f10x_hd.o(.text)
    UART5_IRQHandler                         0x080059e7   Thumb Code     0  startup_stm32f10x_hd.o(.text)
    USBWakeUp_IRQHandler                     0x080059e7   Thumb Code     0  startup_stm32f10x_hd.o(.text)
    WWDG_IRQHandler                          0x080059e7   Thumb Code     0  startup_stm32f10x_hd.o(.text)
    __user_initial_stackheap                 0x080059e9   Thumb Code     0  startup_stm32f10x_hd.o(.text)
    rt_system_tick_init                      0x08005a0d   Thumb Code     2  clock.o(.text)
    rt_tick_get                              0x08005a0f   Thumb Code     6  clock.o(.text)
    rt_tick_set                              0x08005a15   Thumb Code    22  clock.o(.text)
    rt_tick_increase                         0x08005a2b   Thumb Code    42  clock.o(.text)
    rt_tick_from_millisecond                 0x08005a55   Thumb Code    30  clock.o(.text)
    rt_components_board_init                 0x08005a89   Thumb Code    20  components.o(.text)
    rt_components_init                       0x08005a9d   Thumb Code    20  components.o(.text)
    rt_device_find                           0x08005abd   Thumb Code    76  device.o(.text)
    rt_device_register                       0x08005b09   Thumb Code    52  device.o(.text)
    rt_device_unregister                     0x08005b3d   Thumb Code    26  device.o(.text)
    rt_device_init_all                       0x08005b57   Thumb Code     4  device.o(.text)
    rt_device_init                           0x08005b5b   Thumb Code    64  device.o(.text)
    rt_device_open                           0x08005b9b   Thumb Code   148  device.o(.text)
    rt_device_close                          0x08005c2f   Thumb Code    68  device.o(.text)
    rt_device_read                           0x08005c73   Thumb Code    76  device.o(.text)
    rt_device_write                          0x08005cbf   Thumb Code    76  device.o(.text)
    rt_device_control                        0x08005d0b   Thumb Code    44  device.o(.text)
    rt_device_set_rx_indicate                0x08005d37   Thumb Code    26  device.o(.text)
    rt_device_set_tx_complete                0x08005d51   Thumb Code    26  device.o(.text)
    rt_thread_idle_sethook                   0x08005df1   Thumb Code     6  idle.o(.text)
    rt_thread_idle_excute                    0x08005df7   Thumb Code   154  idle.o(.text)
    rt_thread_idle_init                      0x08005ea5   Thumb Code    38  idle.o(.text)
    rt_thread_idle_gethandler                0x08005ecb   Thumb Code     4  idle.o(.text)
    rt_sem_init                              0x08005fd5   Thumb Code    50  ipc.o(.text)
    rt_sem_detach                            0x08006007   Thumb Code    34  ipc.o(.text)
    rt_sem_create                            0x08006029   Thumb Code    84  ipc.o(.text)
    rt_sem_delete                            0x0800607d   Thumb Code    78  ipc.o(.text)
    rt_sem_take                              0x080060cb   Thumb Code   266  ipc.o(.text)
    rt_sem_trytake                           0x080061d5   Thumb Code    14  ipc.o(.text)
    rt_sem_release                           0x080061e3   Thumb Code    80  ipc.o(.text)
    rt_sem_control                           0x08006233   Thumb Code    68  ipc.o(.text)
    rt_mutex_init                            0x08006277   Thumb Code    58  ipc.o(.text)
    rt_mutex_detach                          0x080062b1   Thumb Code    36  ipc.o(.text)
    rt_mutex_create                          0x080062d5   Thumb Code    96  ipc.o(.text)
    rt_mutex_delete                          0x08006335   Thumb Code    78  ipc.o(.text)
    rt_mutex_take                            0x08006383   Thumb Code   534  ipc.o(.text)
    rt_mutex_release                         0x08006599   Thumb Code   272  ipc.o(.text)
    rt_mutex_control                         0x080066a9   Thumb Code     8  ipc.o(.text)
    rt_event_init                            0x080066b1   Thumb Code    46  ipc.o(.text)
    rt_event_detach                          0x080066df   Thumb Code    36  ipc.o(.text)
    rt_event_create                          0x08006703   Thumb Code    88  ipc.o(.text)
    rt_event_delete                          0x0800675b   Thumb Code    82  ipc.o(.text)
    rt_event_send                            0x080067ad   Thumb Code   272  ipc.o(.text)
    rt_event_recv                            0x080068bd   Thumb Code   380  ipc.o(.text)
    rt_event_control                         0x08006a39   Thumb Code    70  ipc.o(.text)
    rt_mb_init                               0x08006a7f   Thumb Code    76  ipc.o(.text)
    rt_mb_detach                             0x08006acb   Thumb Code    44  ipc.o(.text)
    rt_mb_create                             0x08006af7   Thumb Code   128  ipc.o(.text)
    rt_mb_delete                             0x08006b77   Thumb Code    96  ipc.o(.text)
    rt_mb_send_wait                          0x08006bd7   Thumb Code   436  ipc.o(.text)
    rt_mb_send                               0x08006d8b   Thumb Code    18  ipc.o(.text)
    rt_mb_recv                               0x08006d9d   Thumb Code   412  ipc.o(.text)
    rt_mb_control                            0x08006f39   Thumb Code    82  ipc.o(.text)
    rt_mq_init                               0x08006f8b   Thumb Code   118  ipc.o(.text)
    rt_mq_detach                             0x08007001   Thumb Code    36  ipc.o(.text)
    rt_mq_delete                             0x08007025   Thumb Code    88  ipc.o(.text)
    rt_mq_create                             0x0800707d   Thumb Code   174  ipc.o(.text)
    rt_mq_send                               0x0800712b   Thumb Code   290  ipc.o(.text)
    rt_mq_urgent                             0x0800724d   Thumb Code   198  ipc.o(.text)
    rt_mq_recv                               0x08007313   Thumb Code   438  ipc.o(.text)
    rt_mq_control                            0x080074c9   Thumb Code    98  ipc.o(.text)
    rt_interrupt_enter_sethook               0x08007581   Thumb Code     6  irq.o(.text)
    rt_interrupt_leave_sethook               0x08007587   Thumb Code     6  irq.o(.text)
    rt_interrupt_enter                       0x0800758d   Thumb Code    46  irq.o(.text)
    rt_interrupt_leave                       0x080075bb   Thumb Code    46  irq.o(.text)
    rt_interrupt_get_nest                    0x080075e9   Thumb Code     6  irq.o(.text)
    rt_get_errno                             0x080075fd   Thumb Code    32  kservice.o(.text)
    rt_set_errno                             0x0800761d   Thumb Code    36  kservice.o(.text)
    _rt_errno                                0x08007641   Thumb Code    30  kservice.o(.text)
    rt_memset                                0x0800765f   Thumb Code    72  kservice.o(.text)
    rt_memcpy                                0x080076a7   Thumb Code   120  kservice.o(.text)
    rt_memmove                               0x0800771f   Thumb Code    66  kservice.o(.text)
    rt_memcmp                                0x08007761   Thumb Code    38  kservice.o(.text)
    rt_strlen                                0x08007787   Thumb Code    18  kservice.o(.text)
    rt_strstr                                0x08007799   Thumb Code    58  kservice.o(.text)
    rt_strcasecmp                            0x080077d3   Thumb Code    48  kservice.o(.text)
    rt_strncpy                               0x08007803   Thumb Code    52  kservice.o(.text)
    rt_strncmp                               0x08007837   Thumb Code    40  kservice.o(.text)
    rt_strcmp                                0x0800785f   Thumb Code    28  kservice.o(.text)
    rt_strnlen                               0x0800787b   Thumb Code    24  kservice.o(.text)
    rt_strdup                                0x08007893   Thumb Code    40  kservice.o(.text)
    rt_hw_console_output                     0x080078bb   Thumb Code     2  kservice.o(.text)
    rt_vsnprintf                             0x08007a53   Thumb Code   800  kservice.o(.text)
    rt_kprintf                               0x08007d73   Thumb Code    96  kservice.o(.text)
    rt_show_version                          0x08007dd3   Thumb Code    38  kservice.o(.text)
    rt_snprintf                              0x08007df9   Thumb Code    38  kservice.o(.text)
    rt_vsprintf                              0x08007e1f   Thumb Code    22  kservice.o(.text)
    rt_sprintf                               0x08007e35   Thumb Code    34  kservice.o(.text)
    rt_console_get_device                    0x08007e57   Thumb Code     6  kservice.o(.text)
    rt_console_set_device                    0x08007e5d   Thumb Code    48  kservice.o(.text)
    rt_kputs                                 0x08007e8d   Thumb Code    78  kservice.o(.text)
    rt_malloc_align                          0x08007edb   Thumb Code    66  kservice.o(.text)
    rt_free_align                            0x08007f1d   Thumb Code    16  kservice.o(.text)
    rt_assert_set_hook                       0x08007f2d   Thumb Code     6  kservice.o(.text)
    rt_assert_handler                        0x08007f33   Thumb Code    56  kservice.o(.text)
    rt_malloc_sethook                        0x08008041   Thumb Code     6  mem.o(.text)
    rt_free_sethook                          0x08008047   Thumb Code     6  mem.o(.text)
    rt_system_heap_init                      0x080080ed   Thumb Code   204  mem.o(.text)
    rt_malloc                                0x080081b9   Thumb Code   522  mem.o(.text)
    rt_free                                  0x080083c3   Thumb Code   650  mem.o(.text)
    rt_realloc                               0x0800864d   Thumb Code   324  mem.o(.text)
    rt_calloc                                0x08008791   Thumb Code    84  mem.o(.text)
    rt_memory_info                           0x080087e5   Thumb Code    26  mem.o(.text)
    list_mem                                 0x080087ff   Thumb Code    34  mem.o(.text)
    rt_object_attach_sethook                 0x080088e1   Thumb Code     6  object.o(.text)
    rt_object_detach_sethook                 0x080088e7   Thumb Code     6  object.o(.text)
    rt_object_trytake_sethook                0x080088ed   Thumb Code     6  object.o(.text)
    rt_object_take_sethook                   0x080088f3   Thumb Code     6  object.o(.text)
    rt_object_put_sethook                    0x080088f9   Thumb Code     6  object.o(.text)
    rt_system_object_init                    0x080088ff   Thumb Code     2  object.o(.text)
    rt_object_get_information                0x08008901   Thumb Code    10  object.o(.text)
    rt_object_init                           0x0800890b   Thumb Code    76  object.o(.text)
    rt_object_detach                         0x08008957   Thumb Code    56  object.o(.text)
    rt_object_allocate                       0x0800898f   Thumb Code   132  object.o(.text)
    rt_object_delete                         0x08008a13   Thumb Code    84  object.o(.text)
    rt_object_is_systemobject                0x08008a67   Thumb Code    34  object.o(.text)
    rt_object_find                           0x08008a89   Thumb Code   126  object.o(.text)
    rt_scheduler_sethook                     0x08008b9d   Thumb Code     6  scheduler.o(.text)
    rt_system_scheduler_init                 0x08008bfd   Thumb Code    56  scheduler.o(.text)
    rt_system_scheduler_start                0x08008c35   Thumb Code    36  scheduler.o(.text)
    rt_schedule                              0x08008c59   Thumb Code   154  scheduler.o(.text)
    rt_schedule_insert_thread                0x08008cf3   Thumb Code    82  scheduler.o(.text)
    rt_schedule_remove_thread                0x08008d45   Thumb Code    94  scheduler.o(.text)
    rt_enter_critical                        0x08008da3   Thumb Code    28  scheduler.o(.text)
    rt_exit_critical                         0x08008dbf   Thumb Code    54  scheduler.o(.text)
    rt_critical_level                        0x08008df5   Thumb Code     8  scheduler.o(.text)
    rt_thread_suspend_sethook                0x08008eb9   Thumb Code     6  thread.o(.text)
    rt_thread_resume_sethook                 0x08008ebf   Thumb Code     6  thread.o(.text)
    rt_thread_inited_sethook                 0x08008ec5   Thumb Code     6  thread.o(.text)
    rt_thread_exit                           0x08008ecb   Thumb Code    76  thread.o(.text)
    rt_thread_timeout                        0x08008f17   Thumb Code    70  thread.o(.text)
    rt_thread_init                           0x08009003   Thumb Code    74  thread.o(.text)
    rt_thread_self                           0x0800904d   Thumb Code     6  thread.o(.text)
    rt_thread_resume                         0x08009053   Thumb Code   100  thread.o(.text)
    rt_thread_startup                        0x080090b7   Thumb Code    88  thread.o(.text)
    rt_thread_detach                         0x0800910f   Thumb Code    84  thread.o(.text)
    rt_thread_create                         0x08009163   Thumb Code    80  thread.o(.text)
    rt_thread_delete                         0x080091b3   Thumb Code    74  thread.o(.text)
    rt_thread_yield                          0x080091fd   Thumb Code    92  thread.o(.text)
    rt_thread_suspend                        0x08009259   Thumb Code   356  thread.o(.text)
    rt_thread_sleep                          0x080093bd   Thumb Code    76  thread.o(.text)
    rt_thread_delay                          0x08009409   Thumb Code    12  thread.o(.text)
    rt_thread_control                        0x08009415   Thumb Code   134  thread.o(.text)
    rt_thread_find                           0x0800949b   Thumb Code    76  thread.o(.text)
    rt_timer_timeout_sethook                 0x0800950b   Thumb Code     6  timer.o(.text)
    rt_timer_init                            0x0800959d   Thumb Code    58  timer.o(.text)
    rt_timer_detach                          0x080095d7   Thumb Code    44  timer.o(.text)
    rt_timer_create                          0x08009603   Thumb Code    54  timer.o(.text)
    rt_timer_delete                          0x08009639   Thumb Code    46  timer.o(.text)
    rt_timer_start                           0x08009667   Thumb Code   292  timer.o(.text)
    rt_timer_stop                            0x0800978b   Thumb Code    80  timer.o(.text)
    rt_timer_control                         0x080097db   Thumb Code    76  timer.o(.text)
    rt_timer_check                           0x08009827   Thumb Code   148  timer.o(.text)
    rt_timer_next_timeout_tick               0x080098bb   Thumb Code    10  timer.o(.text)
    rt_system_timer_init                     0x080098c5   Thumb Code    24  timer.o(.text)
    rt_system_timer_thread_init              0x080098dd   Thumb Code     2  timer.o(.text)
    rt_hw_stack_init                         0x08009959   Thumb Code    70  cpuport.o(.text)
    rt_hw_exception_install                  0x0800999f   Thumb Code     6  cpuport.o(.text)
    rt_hw_hard_fault_exception               0x08009b83   Thumb Code   198  cpuport.o(.text)
    rt_hw_cpu_shutdown                       0x08009c49   Thumb Code    22  cpuport.o(.text)
    rt_hw_interrupt_disable                  0x08009f2d   Thumb Code     8  context_rvds.o(.text)
    rt_hw_interrupt_enable                   0x08009f35   Thumb Code     6  context_rvds.o(.text)
    rt_hw_context_switch                     0x08009f3b   Thumb Code    32  context_rvds.o(.text)
    rt_hw_context_switch_interrupt           0x08009f3b   Thumb Code     0  context_rvds.o(.text)
    PendSV_Handler                           0x08009f5b   Thumb Code    60  context_rvds.o(.text)
    rt_hw_context_switch_to                  0x08009f97   Thumb Code    58  context_rvds.o(.text)
    rt_hw_interrupt_thread_switch            0x08009fd1   Thumb Code     2  context_rvds.o(.text)
    HardFault_Handler                        0x08009fd3   Thumb Code    46  context_rvds.o(.text)
    rt_device_pin_register                   0x0800a0c9   Thumb Code    56  pin.o(.text)
    rt_pin_attach_irq                        0x0800a101   Thumb Code    60  pin.o(.text)
    rt_pin_dettach_irq                       0x0800a13d   Thumb Code    46  pin.o(.text)
    rt_pin_irq_enable                        0x0800a16b   Thumb Code    50  pin.o(.text)
    rt_pin_mode                              0x0800a19d   Thumb Code    38  pin.o(.text)
    rt_pin_write                             0x0800a1c3   Thumb Code    38  pin.o(.text)
    rt_pin_read                              0x0800a1e9   Thumb Code    34  pin.o(.text)
    rt_hw_serial_register                    0x0800aad5   Thumb Code    82  serial.o(.text)
    rt_hw_serial_isr                         0x0800ab27   Thumb Code   486  serial.o(.text)
    rt_spi_bus_register                      0x0800ae9d   Thumb Code    50  spi_core.o(.text)
    rt_spi_bus_attach_device                 0x0800aecf   Thumb Code    74  spi_core.o(.text)
    rt_spi_configure                         0x0800af19   Thumb Code    96  spi_core.o(.text)
    rt_spi_send_then_send                    0x0800af79   Thumb Code   240  spi_core.o(.text)
    rt_spi_send_then_recv                    0x0800b069   Thumb Code   240  spi_core.o(.text)
    rt_spi_transfer                          0x0800b159   Thumb Code   198  spi_core.o(.text)
    rt_spi_transfer_message                  0x0800b21f   Thumb Code   164  spi_core.o(.text)
    rt_spi_take_bus                          0x0800b2c3   Thumb Code   204  spi_core.o(.text)
    rt_spi_release_bus                       0x0800b38f   Thumb Code    72  spi_core.o(.text)
    rt_spi_take                              0x0800b3d7   Thumb Code    80  spi_core.o(.text)
    rt_spi_release                           0x0800b427   Thumb Code    80  spi_core.o(.text)
    rt_spi_bus_device_init                   0x0800b529   Thumb Code    56  spi_dev.o(.text)
    rt_spidev_device_init                    0x0800b5e5   Thumb Code    56  spi_dev.o(.text)
    w25qxx_page_write                        0x0800b747   Thumb Code   188  spi_flash_w25qxx.o(.text)
    w25qxx_init                              0x0800b90b   Thumb Code   926  spi_flash_w25qxx.o(.text)
    rt_completion_init                       0x0800bcc5   Thumb Code    42  completion.o(.text)
    rt_completion_wait                       0x0800bcef   Thumb Code   198  completion.o(.text)
    rt_completion_done                       0x0800bdb5   Thumb Code    76  completion.o(.text)
    rt_data_queue_init                       0x0800be9b   Thumb Code    76  dataqueue.o(.text)
    rt_data_queue_push                       0x0800bee7   Thumb Code   282  dataqueue.o(.text)
    rt_data_queue_pop                        0x0800c001   Thumb Code   342  dataqueue.o(.text)
    rt_data_queue_peak                       0x0800c157   Thumb Code   104  dataqueue.o(.text)
    rt_data_queue_reset                      0x0800c1bf   Thumb Code   106  dataqueue.o(.text)
    finsh_set_device                         0x0800c30f   Thumb Code   156  shell.o(.text)
    finsh_get_device                         0x0800c3ab   Thumb Code    28  shell.o(.text)
    finsh_set_echo                           0x0800c3c7   Thumb Code    30  shell.o(.text)
    finsh_get_echo                           0x0800c3e5   Thumb Code    32  shell.o(.text)
    finsh_run_line                           0x0800c421   Thumb Code   164  shell.o(.text)
    finsh_thread_entry                       0x0800c5b7   Thumb Code  1430  shell.o(.text)
    finsh_system_function_init               0x0800cb4d   Thumb Code    10  shell.o(.text)
    finsh_system_var_init                    0x0800cb57   Thumb Code    10  shell.o(.text)
    finsh_system_init                        0x0800cb61   Thumb Code   122  shell.o(.text)
    hello                                    0x0800cc45   Thumb Code    12  cmd.o(.text)
    version                                  0x0800cc51   Thumb Code    10  cmd.o(.text)
    list_thread                              0x0800cd55   Thumb Code    10  cmd.o(.text)
    list_sem                                 0x0800ce17   Thumb Code    12  cmd.o(.text)
    list_event                               0x0800cea1   Thumb Code    12  cmd.o(.text)
    list_mutex                               0x0800cf09   Thumb Code    12  cmd.o(.text)
    list_mailbox                             0x0800cfb9   Thumb Code    12  cmd.o(.text)
    list_msgqueue                            0x0800d33f   Thumb Code    10  cmd.o(.text)
    list_mempool                             0x0800d3cf   Thumb Code    12  cmd.o(.text)
    list_timer                               0x0800d44b   Thumb Code    12  cmd.o(.text)
    list_device                              0x0800d4d3   Thumb Code    12  cmd.o(.text)
    list                                     0x0800d4df   Thumb Code   126  cmd.o(.text)
    list_prefix                              0x0800d59f   Thumb Code   998  cmd.o(.text)
    finsh_compiler_run                       0x0800f167   Thumb Code    88  finsh_compiler.o(.text)
    finsh_error_init                         0x0800f1d1   Thumb Code     8  finsh_error.o(.text)
    finsh_error_set                          0x0800f1d9   Thumb Code    10  finsh_error.o(.text)
    finsh_errno                              0x0800f1e3   Thumb Code     6  finsh_error.o(.text)
    finsh_error_string                       0x0800f1e9   Thumb Code    10  finsh_error.o(.text)
    finsh_heap_init                          0x0800f1fd   Thumb Code    36  finsh_heap.o(.text)
    finsh_heap_free                          0x0800f321   Thumb Code    34  finsh_heap.o(.text)
    finsh_heap_allocate                      0x0800f391   Thumb Code   106  finsh_heap.o(.text)
    finsh_init                               0x0800f40d   Thumb Code    30  finsh_init.o(.text)
    finsh_stack_bottom                       0x0800f42b   Thumb Code     6  finsh_init.o(.text)
    finsh_flush                              0x0800f431   Thumb Code    22  finsh_init.o(.text)
    finsh_reset                              0x0800f447   Thumb Code    24  finsh_init.o(.text)
    finsh_node_init                          0x0800f465   Thumb Code    16  finsh_node.o(.text)
    finsh_node_allocate                      0x0800f475   Thumb Code    56  finsh_node.o(.text)
    finsh_node_new_id                        0x0800f4ad   Thumb Code   118  finsh_node.o(.text)
    finsh_node_new_char                      0x0800f523   Thumb Code    30  finsh_node.o(.text)
    finsh_node_new_int                       0x0800f541   Thumb Code    30  finsh_node.o(.text)
    finsh_node_new_long                      0x0800f55f   Thumb Code    30  finsh_node.o(.text)
    finsh_node_new_string                    0x0800f57d   Thumb Code    74  finsh_node.o(.text)
    finsh_node_new_ptr                       0x0800f5c7   Thumb Code    30  finsh_node.o(.text)
    OP_no_op                                 0x0800f5e9   Thumb Code     2  finsh_ops.o(.text)
    OP_add_byte                              0x0800f5eb   Thumb Code    42  finsh_ops.o(.text)
    OP_add_word                              0x0800f615   Thumb Code    44  finsh_ops.o(.text)
    OP_add_dword                             0x0800f641   Thumb Code    42  finsh_ops.o(.text)
    OP_sub_byte                              0x0800f66b   Thumb Code    42  finsh_ops.o(.text)
    OP_sub_word                              0x0800f695   Thumb Code    44  finsh_ops.o(.text)
    OP_sub_dword                             0x0800f6c1   Thumb Code    42  finsh_ops.o(.text)
    OP_div_byte                              0x0800f6eb   Thumb Code    44  finsh_ops.o(.text)
    OP_div_word                              0x0800f717   Thumb Code    46  finsh_ops.o(.text)
    OP_div_dword                             0x0800f745   Thumb Code    44  finsh_ops.o(.text)
    OP_mod_byte                              0x0800f771   Thumb Code    48  finsh_ops.o(.text)
    OP_mod_word                              0x0800f7a1   Thumb Code    48  finsh_ops.o(.text)
    OP_mod_dword                             0x0800f7d1   Thumb Code    48  finsh_ops.o(.text)
    OP_mul_byte                              0x0800f801   Thumb Code    42  finsh_ops.o(.text)
    OP_mul_word                              0x0800f82b   Thumb Code    44  finsh_ops.o(.text)
    OP_mul_dword                             0x0800f857   Thumb Code    42  finsh_ops.o(.text)
    OP_and_byte                              0x0800f881   Thumb Code    42  finsh_ops.o(.text)
    OP_and_word                              0x0800f8ab   Thumb Code    42  finsh_ops.o(.text)
    OP_and_dword                             0x0800f8d5   Thumb Code    42  finsh_ops.o(.text)
    OP_or_byte                               0x0800f8ff   Thumb Code    42  finsh_ops.o(.text)
    OP_or_word                               0x0800f929   Thumb Code    42  finsh_ops.o(.text)
    OP_or_dword                              0x0800f953   Thumb Code    42  finsh_ops.o(.text)
    OP_xor_byte                              0x0800f97d   Thumb Code    42  finsh_ops.o(.text)
    OP_xor_word                              0x0800f9a7   Thumb Code    46  finsh_ops.o(.text)
    OP_xor_dword                             0x0800f9d5   Thumb Code    42  finsh_ops.o(.text)
    OP_bw_byte                               0x0800f9ff   Thumb Code    20  finsh_ops.o(.text)
    OP_bw_word                               0x0800fa13   Thumb Code    20  finsh_ops.o(.text)
    OP_bw_dword                              0x0800fa27   Thumb Code    20  finsh_ops.o(.text)
    OP_shl_byte                              0x0800fa3b   Thumb Code    42  finsh_ops.o(.text)
    OP_shl_word                              0x0800fa65   Thumb Code    44  finsh_ops.o(.text)
    OP_shl_dword                             0x0800fa91   Thumb Code    42  finsh_ops.o(.text)
    OP_shr_byte                              0x0800fabb   Thumb Code    42  finsh_ops.o(.text)
    OP_shr_word                              0x0800fae5   Thumb Code    42  finsh_ops.o(.text)
    OP_shr_dword                             0x0800fb0f   Thumb Code    42  finsh_ops.o(.text)
    OP_ld_byte                               0x0800fb39   Thumb Code    34  finsh_ops.o(.text)
    OP_ld_word                               0x0800fb5b   Thumb Code    46  finsh_ops.o(.text)
    OP_ld_dword                              0x0800fb89   Thumb Code    64  finsh_ops.o(.text)
    OP_ld_value_byte                         0x0800fbc9   Thumb Code    66  finsh_ops.o(.text)
    OP_ld_value_byte_stack                   0x0800fc0b   Thumb Code    20  finsh_ops.o(.text)
    OP_ld_value_word                         0x0800fc1f   Thumb Code    66  finsh_ops.o(.text)
    OP_ld_value_word_stack                   0x0800fc61   Thumb Code    20  finsh_ops.o(.text)
    OP_ld_value_dword                        0x0800fc75   Thumb Code    66  finsh_ops.o(.text)
    OP_ld_value_dword_stack                  0x0800fcb7   Thumb Code    20  finsh_ops.o(.text)
    OP_st_byte                               0x0800fccb   Thumb Code    30  finsh_ops.o(.text)
    OP_st_word                               0x0800fce9   Thumb Code    30  finsh_ops.o(.text)
    OP_st_dword                              0x0800fd07   Thumb Code    30  finsh_ops.o(.text)
    OP_pop                                   0x0800fd25   Thumb Code    12  finsh_ops.o(.text)
    OP_call                                  0x0800fd31   Thumb Code   906  finsh_ops.o(.text)
    finsh_parser_run                         0x08010951   Thumb Code   220  finsh_parser.o(.text)
    finsh_parser_init                        0x08010a2d   Thumb Code    16  finsh_parser.o(.text)
    finsh_var_init                           0x08010a3d   Thumb Code    14  finsh_var.o(.text)
    finsh_var_insert                         0x08010a4b   Thumb Code   112  finsh_var.o(.text)
    finsh_var_delete                         0x08010abb   Thumb Code    68  finsh_var.o(.text)
    finsh_var_lookup                         0x08010aff   Thumb Code    58  finsh_var.o(.text)
    finsh_sysvar_append                      0x08010b39   Thumb Code    62  finsh_var.o(.text)
    finsh_sysvar_lookup                      0x08010b77   Thumb Code    78  finsh_var.o(.text)
    finsh_vm_run                             0x08010bd5   Thumb Code    62  finsh_vm.o(.text)
    finsh_syscall_append                     0x08010c13   Thumb Code    54  finsh_vm.o(.text)
    finsh_syscall_lookup                     0x08010c49   Thumb Code    78  finsh_vm.o(.text)
    finsh_token_init                         0x08010cb9   Thumb Code    20  finsh_token.o(.text)
    token_get_string                         0x080110d1   Thumb Code   120  finsh_token.o(.text)
    finsh_token_token                        0x08011309   Thumb Code    24  finsh_token.o(.text)
    finsh_token_get_token                    0x08011321   Thumb Code    20  finsh_token.o(.text)
    __2sprintf                               0x08011339   Thumb Code    34  noretval__2sprintf.o(.text)
    __printf                                 0x08011361   Thumb Code   270  __printf_wp.o(.text)
    atoi                                     0x0801146f   Thumb Code    26  atoi.o(.text)
    memcmp                                   0x08011489   Thumb Code    88  memcmp.o(.text)
    strlen                                   0x080114e1   Thumb Code    62  strlen.o(.text)
    strncmp                                  0x0801151f   Thumb Code   150  strncmp.o(.text)
    __aeabi_memcpy                           0x080115b5   Thumb Code     0  rt_memcpy_v6.o(.text)
    __rt_memcpy                              0x080115b5   Thumb Code   138  rt_memcpy_v6.o(.text)
    _memcpy_lastbytes                        0x0801161b   Thumb Code     0  rt_memcpy_v6.o(.text)
    __aeabi_memcpy4                          0x0801163f   Thumb Code     0  rt_memcpy_w.o(.text)
    __aeabi_memcpy8                          0x0801163f   Thumb Code     0  rt_memcpy_w.o(.text)
    __rt_memcpy_w                            0x0801163f   Thumb Code   100  rt_memcpy_w.o(.text)
    _memcpy_lastbytes_aligned                0x08011687   Thumb Code     0  rt_memcpy_w.o(.text)
    __aeabi_memclr                           0x080116a3   Thumb Code     0  rt_memclr.o(.text)
    __rt_memclr                              0x080116a3   Thumb Code    68  rt_memclr.o(.text)
    _memset                                  0x080116a7   Thumb Code     0  rt_memclr.o(.text)
    __aeabi_memclr4                          0x080116e7   Thumb Code     0  rt_memclr_w.o(.text)
    __aeabi_memclr8                          0x080116e7   Thumb Code     0  rt_memclr_w.o(.text)
    __rt_memclr_w                            0x080116e7   Thumb Code    78  rt_memclr_w.o(.text)
    _memset_w                                0x080116eb   Thumb Code     0  rt_memclr_w.o(.text)
    strncpy                                  0x08011735   Thumb Code    86  strncpy.o(.text)
    strcmp                                   0x0801178d   Thumb Code   128  strcmpv7m.o(.text)
    __use_two_region_memory                  0x0801180d   Thumb Code     2  heapauxi.o(.text)
    __rt_heap_escrow$2region                 0x0801180f   Thumb Code     2  heapauxi.o(.text)
    __rt_heap_expand$2region                 0x08011811   Thumb Code     2  heapauxi.o(.text)
    __aeabi_errno_addr                       0x08011815   Thumb Code     8  rt_errno_addr_intlibspace.o(.text)
    __errno$intlibspace                      0x08011815   Thumb Code     0  rt_errno_addr_intlibspace.o(.text)
    __rt_errno_addr$intlibspace              0x08011815   Thumb Code     0  rt_errno_addr_intlibspace.o(.text)
    __lib_sel_fp_printf                      0x0801181d   Thumb Code     2  _printf_fp_dec.o(.text)
    _printf_fp_dec_real                      0x080119c9   Thumb Code   628  _printf_fp_dec.o(.text)
    _printf_char_common                      0x08011c47   Thumb Code    32  _printf_char_common.o(.text)
    _sputc                                   0x08011c6d   Thumb Code    10  _sputc.o(.text)
    strtol                                   0x08011c77   Thumb Code   112  strtol.o(.text)
    __user_libspace                          0x08011ce9   Thumb Code     8  libspace.o(.text)
    __user_perproc_libspace                  0x08011ce9   Thumb Code     0  libspace.o(.text)
    __user_perthread_libspace                0x08011ce9   Thumb Code     0  libspace.o(.text)
    __rt_ctype_table                         0x08011cf1   Thumb Code    16  rt_ctype_table.o(.text)
    __rt_locale                              0x08011d01   Thumb Code     8  rt_locale_intlibspace.o(.text)
    _ll_udiv10                               0x08011d09   Thumb Code   138  lludiv10.o(.text)
    _printf_fp_infnan                        0x08011d95   Thumb Code   112  _printf_fp_infnan.o(.text)
    _strtoul                                 0x08011e15   Thumb Code   158  _strtoul.o(.text)
    _btod_etento                             0x08011eb5   Thumb Code   222  bigflt0.o(.text)
    __user_setup_stackheap                   0x08011f99   Thumb Code    74  sys_stackheap_outer.o(.text)
    _chval                                   0x08011fe3   Thumb Code    28  _chval.o(.text)
    exit                                     0x08011fff   Thumb Code    12  exit.o(.text)
    _sys_exit                                0x0801200d   Thumb Code     8  sys_exit.o(.text)
    __I$use$semihosting                      0x08012019   Thumb Code     0  use_no_semi.o(.text)
    __use_no_semihosting_swi                 0x08012019   Thumb Code     2  use_no_semi.o(.text)
    __semihosting_library_function           0x0801201b   Thumb Code     0  indicate_semi.o(.text)
    _btod_d2e                                0x0801201b   Thumb Code    62  btod.o(CL$$btod_d2e)
    _d2e_denorm_low                          0x08012059   Thumb Code    70  btod.o(CL$$btod_d2e_denorm_low)
    _d2e_norm_op1                            0x0801209f   Thumb Code    96  btod.o(CL$$btod_d2e_norm_op1)
    __btod_div_common                        0x080120ff   Thumb Code   696  btod.o(CL$$btod_div_common)
    _e2e                                     0x08012437   Thumb Code   198  btod.o(CL$$btod_e2e)
    _btod_ediv                               0x080124fd   Thumb Code    40  btod.o(CL$$btod_ediv)
    _btod_emul                               0x08012525   Thumb Code    40  btod.o(CL$$btod_emul)
    __btod_mult_common                       0x0801254d   Thumb Code   580  btod.o(CL$$btod_mult_common)
    __ARM_fpclassify                         0x08012791   Thumb Code    40  fpclassify.o(i.__ARM_fpclassify)
    _is_digit                                0x080127b9   Thumb Code    14  __printf_wp.o(i._is_digit)
    _get_lc_numeric                          0x080127c9   Thumb Code    44  lc_numeric_c.o(locale$$code)
    _get_lc_ctype                            0x080127f5   Thumb Code    44  lc_ctype_c.o(locale$$code)
    __aeabi_d2f                              0x08012821   Thumb Code     0  d2f.o(x$fpl$d2f)
    _d2f                                     0x08012821   Thumb Code    98  d2f.o(x$fpl$d2f)
    __aeabi_dmul                             0x08012885   Thumb Code     0  dmul.o(x$fpl$dmul)
    _dmul                                    0x08012885   Thumb Code   332  dmul.o(x$fpl$dmul)
    __fpl_dnaninf                            0x080129d9   Thumb Code   156  dnaninf.o(x$fpl$dnaninf)
    __fpl_dretinf                            0x08012a75   Thumb Code    12  dretinf.o(x$fpl$dretinf)
    __aeabi_f2d                              0x08012a81   Thumb Code     0  f2d.o(x$fpl$f2d)
    _f2d                                     0x08012a81   Thumb Code    86  f2d.o(x$fpl$f2d)
    __aeabi_i2f                              0x08012ad9   Thumb Code     0  fflt_clz.o(x$fpl$fflt)
    _fflt                                    0x08012ad9   Thumb Code    48  fflt_clz.o(x$fpl$fflt)
    __aeabi_ui2f                             0x08012b09   Thumb Code     0  fflt_clz.o(x$fpl$ffltu)
    _ffltu                                   0x08012b09   Thumb Code    38  fflt_clz.o(x$fpl$ffltu)
    __fpl_fnaninf                            0x08012b2f   Thumb Code   140  fnaninf.o(x$fpl$fnaninf)
    __fpl_fretinf                            0x08012bbb   Thumb Code    10  fretinf.o(x$fpl$fretinf)
    _printf_fp_dec                           0x08012bc5   Thumb Code     4  printf1.o(x$fpl$printf1)
    __I$use$fp                               0x08012bc8   Number         0  usenofp.o(x$fpl$usenofp)
    op_table                                 0x08013b28   Data         196  finsh_ops.o(.constdata)
    __fsym_led_name                          0x08013eba   Data           4  led.o(.rodata.name)
    __fsym_led_desc                          0x08013ebe   Data          32  led.o(.rodata.name)
    __fsym_list_mem_name                     0x08013ede   Data           9  mem.o(.rodata.name)
    __fsym_list_mem_desc                     0x08013ee7   Data          30  mem.o(.rodata.name)
    __fsym_pinMode_name                      0x08013f05   Data           8  pin.o(.rodata.name)
    __fsym_pinMode_desc                      0x08013f0d   Data          22  pin.o(.rodata.name)
    __fsym_pinWrite_name                     0x08013f23   Data           9  pin.o(.rodata.name)
    __fsym_pinWrite_desc                     0x08013f2c   Data          28  pin.o(.rodata.name)
    __fsym_pinRead_name                      0x08013f48   Data           8  pin.o(.rodata.name)
    __fsym_pinRead_desc                      0x08013f50   Data          30  pin.o(.rodata.name)
    __fsym_hello_name                        0x08013f6e   Data           6  cmd.o(.rodata.name)
    __fsym_hello_desc                        0x08013f74   Data          16  cmd.o(.rodata.name)
    __fsym_version_name                      0x08013f84   Data           8  cmd.o(.rodata.name)
    __fsym_version_desc                      0x08013f8c   Data          35  cmd.o(.rodata.name)
    __fsym_list_thread_name                  0x08013faf   Data          12  cmd.o(.rodata.name)
    __fsym_list_thread_desc                  0x08013fbb   Data          12  cmd.o(.rodata.name)
    __fsym_list_sem_name                     0x08013fc7   Data           9  cmd.o(.rodata.name)
    __fsym_list_sem_desc                     0x08013fd0   Data          25  cmd.o(.rodata.name)
    __fsym_list_event_name                   0x08013fe9   Data          11  cmd.o(.rodata.name)
    __fsym_list_event_desc                   0x08013ff4   Data          21  cmd.o(.rodata.name)
    __fsym_list_mutex_name                   0x08014009   Data          11  cmd.o(.rodata.name)
    __fsym_list_mutex_desc                   0x08014014   Data          21  cmd.o(.rodata.name)
    __fsym_list_mailbox_name                 0x08014029   Data          13  cmd.o(.rodata.name)
    __fsym_list_mailbox_desc                 0x08014036   Data          24  cmd.o(.rodata.name)
    __fsym_list_msgqueue_name                0x0801404e   Data          14  cmd.o(.rodata.name)
    __fsym_list_msgqueue_desc                0x0801405c   Data          29  cmd.o(.rodata.name)
    __fsym_list_mempool_name                 0x08014079   Data          13  cmd.o(.rodata.name)
    __fsym_list_mempool_desc                 0x08014086   Data          27  cmd.o(.rodata.name)
    __fsym_list_timer_name                   0x080140a1   Data          11  cmd.o(.rodata.name)
    __fsym_list_timer_desc                   0x080140ac   Data          21  cmd.o(.rodata.name)
    __fsym_list_device_name                  0x080140c1   Data          12  cmd.o(.rodata.name)
    __fsym_list_device_desc                  0x080140cd   Data          22  cmd.o(.rodata.name)
    __fsym_list_name                         0x080140e3   Data           5  cmd.o(.rodata.name)
    __fsym_list_desc                         0x080140e8   Data          26  cmd.o(.rodata.name)
    __vsym_dummy_name                        0x08014102   Data           6  cmd.o(.rodata.name)
    __vsym_dummy_desc                        0x08014108   Data          25  cmd.o(.rodata.name)
    __rt_init_rti_start                      0x08014124   Data           4  components.o(.rti_fn.0)
    __rt_init_rti_board_start                0x08014128   Data           4  components.o(.rti_fn.0.end)
    __rt_init_stm32_hw_pin_init              0x0801412c   Data           4  gpio.o(.rti_fn.1)
    __rt_init_rti_board_end                  0x08014130   Data           4  components.o(.rti_fn.1.end)
    __rt_init_finsh_system_init              0x08014134   Data           4  shell.o(.rti_fn.6)
    __rt_init_rti_end                        0x08014138   Data           4  components.o(.rti_fn.6.end)
    FSymTab$$Base                            0x0801413c   Number         0  led.o(FSymTab)
    __fsym_led                               0x0801413c   Data          12  led.o(FSymTab)
    __fsym_list_mem                          0x08014148   Data          12  mem.o(FSymTab)
    __fsym_pinMode                           0x08014154   Data          12  pin.o(FSymTab)
    __fsym_pinWrite                          0x08014160   Data          12  pin.o(FSymTab)
    __fsym_pinRead                           0x0801416c   Data          12  pin.o(FSymTab)
    __fsym_hello                             0x08014178   Data          12  cmd.o(FSymTab)
    __fsym_version                           0x08014184   Data          12  cmd.o(FSymTab)
    __fsym_list_thread                       0x08014190   Data          12  cmd.o(FSymTab)
    __fsym_list_sem                          0x0801419c   Data          12  cmd.o(FSymTab)
    __fsym_list_event                        0x080141a8   Data          12  cmd.o(FSymTab)
    __fsym_list_mutex                        0x080141b4   Data          12  cmd.o(FSymTab)
    __fsym_list_mailbox                      0x080141c0   Data          12  cmd.o(FSymTab)
    __fsym_list_msgqueue                     0x080141cc   Data          12  cmd.o(FSymTab)
    __fsym_list_mempool                      0x080141d8   Data          12  cmd.o(FSymTab)
    __fsym_list_timer                        0x080141e4   Data          12  cmd.o(FSymTab)
    __fsym_list_device                       0x080141f0   Data          12  cmd.o(FSymTab)
    __fsym_list                              0x080141fc   Data          12  cmd.o(FSymTab)
    FSymTab$$Limit                           0x08014208   Number         0  cmd.o(FSymTab)
    Region$$Table$$Base                      0x08014208   Number         0  anon$$obj.o(Region$$Table)
    Region$$Table$$Limit                     0x08014228   Number         0  anon$$obj.o(Region$$Table)
    VSymTab$$Base                            0x08014228   Number         0  cmd.o(VSymTab)
    __vsym_dummy                             0x08014228   Data          16  cmd.o(VSymTab)
    VSymTab$$Limit                           0x08014238   Number         0  cmd.o(VSymTab)
    __ctype                                  0x08014261   Data           0  lc_ctype_c.o(locale$$data)
    rtc_init                                 0x20000001   Data           8  ds1302.o(.data)
    u8time                                   0x20000009   Data           8  ds1302.o(.data)
    DS18B20_sensornum                        0x20000011   Data           1  ds18b20.o(.data)
    uart1                                    0x20000014   Data          28  usart.o(.data)
    uart2                                    0x20000030   Data          28  usart.o(.data)
    uart3                                    0x2000004c   Data          28  usart.o(.data)
    pin_irq_hdr_tab                          0x20000068   Data         192  gpio.o(.data)
    SystemCoreClock                          0x20000128   Data           4  system_stm32f10x.o(.data)
    AHBPrescTable                            0x2000012c   Data          16  system_stm32f10x.o(.data)
    rt_interrupt_nest                        0x20000160   Data           1  irq.o(.data)
    rt_assert_hook                           0x2000016c   Data           4  kservice.o(.data)
    rt_object_container                      0x20000190   Data         144  object.o(.data)
    rt_object_trytake_hook                   0x20000228   Data           4  object.o(.data)
    rt_object_take_hook                      0x2000022c   Data           4  object.o(.data)
    rt_object_put_hook                       0x20000230   Data           4  object.o(.data)
    rt_current_thread                        0x20000238   Data           4  scheduler.o(.data)
    rt_current_priority                      0x2000023c   Data           1  scheduler.o(.data)
    rt_thread_ready_priority_group           0x20000240   Data           4  scheduler.o(.data)
    rt_thread_defunct                        0x20000244   Data           8  scheduler.o(.data)
    rt_interrupt_from_thread                 0x20000270   Data           4  cpuport.o(.data)
    rt_interrupt_to_thread                   0x20000274   Data           4  cpuport.o(.data)
    rt_thread_switch_interrupt_flag          0x20000278   Data           4  cpuport.o(.data)
    shell                                    0x2000027c   Data           4  shell.o(.data)
    _syscall_table_begin                     0x20000280   Data           4  symbol.o(.data)
    _syscall_table_end                       0x20000284   Data           4  symbol.o(.data)
    _sysvar_table_begin                      0x20000288   Data           4  symbol.o(.data)
    _sysvar_table_end                        0x2000028c   Data           4  symbol.o(.data)
    finsh_compile_sp                         0x20000294   Data           4  finsh_compiler.o(.data)
    finsh_compile_pc                         0x20000298   Data           4  finsh_compiler.o(.data)
    global_errno                             0x200002d8   Data           1  finsh_error.o(.data)
    global_sysvar_list                       0x200002e4   Data           4  finsh_var.o(.data)
    global_syscall_list                      0x200002e8   Data           4  finsh_vm.o(.data)
    finsh_sp                                 0x200002ec   Data           4  finsh_vm.o(.data)
    finsh_pc                                 0x200002f0   Data           4  finsh_vm.o(.data)
    DS18B20_ID                               0x200007f4   Data          64  ds18b20.o(.bss)
    serial1                                  0x20000d34   Data          84  usart.o(.bss)
    serial2                                  0x20000d88   Data          84  usart.o(.bss)
    serial3                                  0x20000ddc   Data          84  usart.o(.bss)
    rt_thread_priority_table                 0x20001050   Data         256  scheduler.o(.bss)
    finsh_heap                               0x20001a8c   Data         128  finsh_heap.o(.bss)
    global_node_table                        0x20001b0c   Data         320  finsh_node.o(.bss)
    global_variable                          0x20001c4c   Data         192  finsh_var.o(.bss)
    finsh_vm_stack                           0x20001d0c   Data         256  finsh_vm.o(.bss)
    text_segment                             0x20001e0c   Data         128  finsh_vm.o(.bss)
    __libspace_start                         0x20001e8c   Data          96  libspace.o(.bss)
    __temporary_stack_top$libspace           0x20001eec   Data           0  libspace.o(.bss)
    Image$$RW_IRAM1$$ZI$$Limit               0x200024f0   Number         0  startup_stm32f10x_hd.o(STACK)



==============================================================================

Memory Map of the image

  Image Entry point : 0x08000131

  Load Region LR_IROM1 (Base: 0x08000000, Size: 0x00014658, Max: 0x00080000, ABSOLUTE, COMPRESSED[0x00014434])

    Execution Region ER_IROM1 (Base: 0x08000000, Size: 0x00014364, Max: 0x00080000, ABSOLUTE)

    Base Addr    Size         Type   Attr      Idx    E Section Name        Object

    0x08000000   0x00000130   Data   RO          962    RESET               startup_stm32f10x_hd.o
    0x08000130   0x00000008   Code   RO         1754  * !!!main             c_w.l(__main.o)
    0x08000138   0x00000034   Code   RO         1999    !!!scatter          c_w.l(__scatter.o)
    0x0800016c   0x0000005a   Code   RO         1997    !!dczerorl2         c_w.l(__dczerorl2.o)
    0x080001c6   0x00000002   PAD
    0x080001c8   0x0000001c   Code   RO         2001    !!handler_zi        c_w.l(__scatter_zi.o)
    0x080001e4   0x00000000   Code   RO         1731    .ARM.Collect$$_printf_percent$$00000000  c_w.l(_printf_percent.o)
    0x080001e4   0x00000006   Code   RO         1730    .ARM.Collect$$_printf_percent$$00000003  c_w.l(_printf_f.o)
    0x080001ea   0x00000004   Code   RO         1782    .ARM.Collect$$_printf_percent$$00000017  c_w.l(_printf_percent_end.o)
    0x080001ee   0x00000002   Code   RO         1873    .ARM.Collect$$libinit$$00000000  c_w.l(libinit.o)
    0x080001f0   0x00000000   Code   RO         1875    .ARM.Collect$$libinit$$00000002  c_w.l(libinit2.o)
    0x080001f0   0x00000000   Code   RO         1878    .ARM.Collect$$libinit$$00000008  c_w.l(libinit2.o)
    0x080001f0   0x00000000   Code   RO         1880    .ARM.Collect$$libinit$$0000000A  c_w.l(libinit2.o)
    0x080001f0   0x00000000   Code   RO         1882    .ARM.Collect$$libinit$$0000000C  c_w.l(libinit2.o)
    0x080001f0   0x00000006   Code   RO         1883    .ARM.Collect$$libinit$$0000000D  c_w.l(libinit2.o)
    0x080001f6   0x00000000   Code   RO         1885    .ARM.Collect$$libinit$$0000000F  c_w.l(libinit2.o)
    0x080001f6   0x0000000c   Code   RO         1886    .ARM.Collect$$libinit$$00000010  c_w.l(libinit2.o)
    0x08000202   0x00000000   Code   RO         1887    .ARM.Collect$$libinit$$00000011  c_w.l(libinit2.o)
    0x08000202   0x00000000   Code   RO         1889    .ARM.Collect$$libinit$$00000013  c_w.l(libinit2.o)
    0x08000202   0x0000000a   Code   RO         1890    .ARM.Collect$$libinit$$00000014  c_w.l(libinit2.o)
    0x0800020c   0x00000000   Code   RO         1891    .ARM.Collect$$libinit$$00000015  c_w.l(libinit2.o)
    0x0800020c   0x00000000   Code   RO         1893    .ARM.Collect$$libinit$$00000017  c_w.l(libinit2.o)
    0x0800020c   0x00000000   Code   RO         1895    .ARM.Collect$$libinit$$00000019  c_w.l(libinit2.o)
    0x0800020c   0x00000000   Code   RO         1897    .ARM.Collect$$libinit$$0000001B  c_w.l(libinit2.o)
    0x0800020c   0x00000000   Code   RO         1899    .ARM.Collect$$libinit$$0000001D  c_w.l(libinit2.o)
    0x0800020c   0x00000000   Code   RO         1901    .ARM.Collect$$libinit$$0000001F  c_w.l(libinit2.o)
    0x0800020c   0x00000000   Code   RO         1903    .ARM.Collect$$libinit$$00000021  c_w.l(libinit2.o)
    0x0800020c   0x00000000   Code   RO         1905    .ARM.Collect$$libinit$$00000023  c_w.l(libinit2.o)
    0x0800020c   0x00000000   Code   RO         1909    .ARM.Collect$$libinit$$0000002A  c_w.l(libinit2.o)
    0x0800020c   0x00000000   Code   RO         1911    .ARM.Collect$$libinit$$0000002C  c_w.l(libinit2.o)
    0x0800020c   0x00000000   Code   RO         1913    .ARM.Collect$$libinit$$0000002E  c_w.l(libinit2.o)
    0x0800020c   0x00000000   Code   RO         1915    .ARM.Collect$$libinit$$00000030  c_w.l(libinit2.o)
    0x0800020c   0x00000002   Code   RO         1916    .ARM.Collect$$libinit$$00000031  c_w.l(libinit2.o)
    0x0800020e   0x00000002   Code   RO         1946    .ARM.Collect$$libshutdown$$00000000  c_w.l(libshutdown.o)
    0x08000210   0x00000000   Code   RO         1958    .ARM.Collect$$libshutdown$$00000003  c_w.l(libshutdown2.o)
    0x08000210   0x00000000   Code   RO         1961    .ARM.Collect$$libshutdown$$00000006  c_w.l(libshutdown2.o)
    0x08000210   0x00000000   Code   RO         1964    .ARM.Collect$$libshutdown$$00000009  c_w.l(libshutdown2.o)
    0x08000210   0x00000000   Code   RO         1966    .ARM.Collect$$libshutdown$$0000000B  c_w.l(libshutdown2.o)
    0x08000210   0x00000000   Code   RO         1969    .ARM.Collect$$libshutdown$$0000000E  c_w.l(libshutdown2.o)
    0x08000210   0x00000002   Code   RO         1970    .ARM.Collect$$libshutdown$$0000000F  c_w.l(libshutdown2.o)
    0x08000212   0x00000000   Code   RO         1770    .ARM.Collect$$rtentry$$00000000  c_w.l(rtentry.o)
    0x08000212   0x00000000   Code   RO         1798    .ARM.Collect$$rtentry$$00000002  c_w.l(rtentry2.o)
    0x08000212   0x00000006   Code   RO         1810    .ARM.Collect$$rtentry$$00000004  c_w.l(rtentry4.o)
    0x08000218   0x00000000   Code   RO         1800    .ARM.Collect$$rtentry$$00000009  c_w.l(rtentry2.o)
    0x08000218   0x00000004   Code   RO         1801    .ARM.Collect$$rtentry$$0000000A  c_w.l(rtentry2.o)
    0x0800021c   0x00000000   Code   RO         1803    .ARM.Collect$$rtentry$$0000000C  c_w.l(rtentry2.o)
    0x0800021c   0x00000008   Code   RO         1804    .ARM.Collect$$rtentry$$0000000D  c_w.l(rtentry2.o)
    0x08000224   0x00000002   Code   RO         1917    .ARM.Collect$$rtexit$$00000000  c_w.l(rtexit.o)
    0x08000226   0x00000000   Code   RO         1924    .ARM.Collect$$rtexit$$00000002  c_w.l(rtexit2.o)
    0x08000226   0x00000004   Code   RO         1925    .ARM.Collect$$rtexit$$00000003  c_w.l(rtexit2.o)
    0x0800022a   0x00000006   Code   RO         1926    .ARM.Collect$$rtexit$$00000004  c_w.l(rtexit2.o)
    0x08000230   0x00000010   Code   RO         1215    .emb_text           cpuport.o
    0x08000240   0x00000048   Code   RO            3    .text               application.o
    0x08000288   0x000000b0   Code   RO          186    .text               startup.o
    0x08000338   0x000000ac   Code   RO          210    .text               board.o
    0x080003e4   0x00000016   Code   RO          244    .text               stm32f10x_it.o
    0x080003fa   0x00000002   PAD
    0x080003fc   0x00000150   Code   RO          270    .text               led.o
    0x0800054c   0x00000308   Code   RO          347    .text               ds1302.o
    0x08000854   0x00000588   Code   RO          374    .text               ds18b20.o
    0x08000ddc   0x000001c0   Code   RO          398    .text               adc.o
    0x08000f9c   0x00000604   Code   RO          420    .text               usart.o
    0x080015a0   0x00000534   Code   RO          449    .text               gpio.o
    0x08001ad4   0x000001dc   Code   RO          474    .text               system_stm32f10x.o
    0x08001cb0   0x00000848   Code   RO          520    .text               stm32f10x_rcc.o
    0x080024f8   0x000002e4   Code   RO          582    .text               stm32f10x_exti.o
    0x080027dc   0x00000ed4   Code   RO          642    .text               stm32f10x_adc.o
    0x080036b0   0x00000a6c   Code   RO          822    .text               stm32f10x_gpio.o
    0x0800411c   0x00000dbc   Code   RO          842    .text               stm32f10x_usart.o
    0x08004ed8   0x0000090c   Code   RO          882    .text               stm32f10x_dma.o
    0x080057e4   0x000001e8   Code   RO          942    .text               misc.o
    0x080059cc   0x00000040   Code   RO          963    .text               startup_stm32f10x_hd.o
    0x08005a0c   0x0000006c   Code   RO          967    .text               clock.o
    0x08005a78   0x00000044   Code   RO          981    .text               components.o
    0x08005abc   0x00000334   Code   RO          999    .text               device.o
    0x08005df0   0x00000138   Code   RO         1013    .text               idle.o
    0x08005f28   0x00001658   Code   RO         1033    .text               ipc.o
    0x08007580   0x0000007c   Code   RO         1050    .text               irq.o
    0x080075fc   0x00000a44   Code   RO         1065    .text               kservice.o
    0x08008040   0x00000880   Code   RO         1085    .text               mem.o
    0x080088c0   0x000002dc   Code   RO         1122    .text               object.o
    0x08008b9c   0x000002fc   Code   RO         1141    .text               scheduler.o
    0x08008e98   0x00000664   Code   RO         1177    .text               thread.o
    0x080094fc   0x0000045c   Code   RO         1196    .text               timer.o
    0x08009958   0x000005d4   Code   RO         1216    .text               cpuport.o
    0x08009f2c   0x000000ec   Code   RO         1235    .text               context_rvds.o
    0x0800a018   0x00000250   Code   RO         1273    .text               pin.o
    0x0800a268   0x00000c34   Code   RO         1291    .text               serial.o
    0x0800ae9c   0x00000608   Code   RO         1307    .text               spi_core.o
    0x0800b4a4   0x0000020c   Code   RO         1329    .text               spi_dev.o
    0x0800b6b0   0x00000614   Code   RO         1342    .text               spi_flash_w25qxx.o
    0x0800bcc4   0x000001c8   Code   RO         1363    .text               completion.o
    0x0800be8c   0x00000424   Code   RO         1379    .text               dataqueue.o
    0x0800c2b0   0x00000980   Code   RO         1447    .text               shell.o
    0x0800cc30   0x00000d88   Code   RO         1482    .text               cmd.o
    0x0800d9b8   0x00001818   Code   RO         1506    .text               finsh_compiler.o
    0x0800f1d0   0x0000002c   Code   RO         1543    .text               finsh_error.o
    0x0800f1fc   0x00000210   Code   RO         1559    .text               finsh_heap.o
    0x0800f40c   0x00000058   Code   RO         1575    .text               finsh_init.o
    0x0800f464   0x00000184   Code   RO         1593    .text               finsh_node.o
    0x0800f5e8   0x00000ad8   Code   RO         1608    .text               finsh_ops.o
    0x080100c0   0x0000097c   Code   RO         1626    .text               finsh_parser.o
    0x08010a3c   0x00000198   Code   RO         1641    .text               finsh_var.o
    0x08010bd4   0x000000e4   Code   RO         1664    .text               finsh_vm.o
    0x08010cb8   0x00000680   Code   RO         1687    .text               finsh_token.o
    0x08011338   0x00000028   Code   RO         1706    .text               c_w.l(noretval__2sprintf.o)
    0x08011360   0x0000010e   Code   RO         1718    .text               c_w.l(__printf_wp.o)
    0x0801146e   0x0000001a   Code   RO         1732    .text               c_w.l(atoi.o)
    0x08011488   0x00000058   Code   RO         1734    .text               c_w.l(memcmp.o)
    0x080114e0   0x0000003e   Code   RO         1736    .text               c_w.l(strlen.o)
    0x0801151e   0x00000096   Code   RO         1738    .text               c_w.l(strncmp.o)
    0x080115b4   0x0000008a   Code   RO         1740    .text               c_w.l(rt_memcpy_v6.o)
    0x0801163e   0x00000064   Code   RO         1742    .text               c_w.l(rt_memcpy_w.o)
    0x080116a2   0x00000044   Code   RO         1744    .text               c_w.l(rt_memclr.o)
    0x080116e6   0x0000004e   Code   RO         1746    .text               c_w.l(rt_memclr_w.o)
    0x08011734   0x00000056   Code   RO         1748    .text               c_w.l(strncpy.o)
    0x0801178a   0x00000002   PAD
    0x0801178c   0x00000080   Code   RO         1750    .text               c_w.l(strcmpv7m.o)
    0x0801180c   0x00000006   Code   RO         1752    .text               c_w.l(heapauxi.o)
    0x08011812   0x00000002   PAD
    0x08011814   0x00000008   Code   RO         1774    .text               c_w.l(rt_errno_addr_intlibspace.o)
    0x0801181c   0x00000420   Code   RO         1776    .text               c_w.l(_printf_fp_dec.o)
    0x08011c3c   0x00000030   Code   RO         1778    .text               c_w.l(_printf_char_common.o)
    0x08011c6c   0x0000000a   Code   RO         1780    .text               c_w.l(_sputc.o)
    0x08011c76   0x00000070   Code   RO         1783    .text               c_w.l(strtol.o)
    0x08011ce6   0x00000002   PAD
    0x08011ce8   0x00000008   Code   RO         1794    .text               c_w.l(libspace.o)
    0x08011cf0   0x00000010   Code   RO         1812    .text               c_w.l(rt_ctype_table.o)
    0x08011d00   0x00000008   Code   RO         1817    .text               c_w.l(rt_locale_intlibspace.o)
    0x08011d08   0x0000008a   Code   RO         1819    .text               c_w.l(lludiv10.o)
    0x08011d92   0x00000002   PAD
    0x08011d94   0x00000080   Code   RO         1821    .text               c_w.l(_printf_fp_infnan.o)
    0x08011e14   0x0000009e   Code   RO         1825    .text               c_w.l(_strtoul.o)
    0x08011eb2   0x00000002   PAD
    0x08011eb4   0x000000e4   Code   RO         1827    .text               c_w.l(bigflt0.o)
    0x08011f98   0x0000004a   Code   RO         1859    .text               c_w.l(sys_stackheap_outer.o)
    0x08011fe2   0x0000001c   Code   RO         1861    .text               c_w.l(_chval.o)
    0x08011ffe   0x0000000c   Code   RO         1866    .text               c_w.l(exit.o)
    0x0801200a   0x00000002   PAD
    0x0801200c   0x0000000c   Code   RO         1936    .text               c_w.l(sys_exit.o)
    0x08012018   0x00000002   Code   RO         1947    .text               c_w.l(use_no_semi.o)
    0x0801201a   0x00000000   Code   RO         1949    .text               c_w.l(indicate_semi.o)
    0x0801201a   0x0000003e   Code   RO         1830    CL$$btod_d2e        c_w.l(btod.o)
    0x08012058   0x00000046   Code   RO         1832    CL$$btod_d2e_denorm_low  c_w.l(btod.o)
    0x0801209e   0x00000060   Code   RO         1831    CL$$btod_d2e_norm_op1  c_w.l(btod.o)
    0x080120fe   0x00000338   Code   RO         1840    CL$$btod_div_common  c_w.l(btod.o)
    0x08012436   0x000000c6   Code   RO         1837    CL$$btod_e2e        c_w.l(btod.o)
    0x080124fc   0x00000028   Code   RO         1834    CL$$btod_ediv       c_w.l(btod.o)
    0x08012524   0x00000028   Code   RO         1833    CL$$btod_emul       c_w.l(btod.o)
    0x0801254c   0x00000244   Code   RO         1839    CL$$btod_mult_common  c_w.l(btod.o)
    0x08012790   0x00000028   Code   RO         1857    i.__ARM_fpclassify  m_ws.l(fpclassify.o)
    0x080127b8   0x0000000e   Code   RO         1720    i._is_digit         c_w.l(__printf_wp.o)
    0x080127c6   0x00000002   PAD
    0x080127c8   0x0000002c   Code   RO         1853    locale$$code        c_w.l(lc_numeric_c.o)
    0x080127f4   0x0000002c   Code   RO         1864    locale$$code        c_w.l(lc_ctype_c.o)
    0x08012820   0x00000062   Code   RO         1756    x$fpl$d2f           fz_ws.l(d2f.o)
    0x08012882   0x00000002   PAD
    0x08012884   0x00000154   Code   RO         1758    x$fpl$dmul          fz_ws.l(dmul.o)
    0x080129d8   0x0000009c   Code   RO         1785    x$fpl$dnaninf       fz_ws.l(dnaninf.o)
    0x08012a74   0x0000000c   Code   RO         1787    x$fpl$dretinf       fz_ws.l(dretinf.o)
    0x08012a80   0x00000056   Code   RO         1760    x$fpl$f2d           fz_ws.l(f2d.o)
    0x08012ad6   0x00000002   PAD
    0x08012ad8   0x00000030   Code   RO         1763    x$fpl$fflt          fz_ws.l(fflt_clz.o)
    0x08012b08   0x00000026   Code   RO         1762    x$fpl$ffltu         fz_ws.l(fflt_clz.o)
    0x08012b2e   0x0000008c   Code   RO         1789    x$fpl$fnaninf       fz_ws.l(fnaninf.o)
    0x08012bba   0x0000000a   Code   RO         1791    x$fpl$fretinf       fz_ws.l(fretinf.o)
    0x08012bc4   0x00000004   Code   RO         1768    x$fpl$printf1       fz_ws.l(printf1.o)
    0x08012bc8   0x00000000   Code   RO         1793    x$fpl$usenofp       fz_ws.l(usenofp.o)
    0x08012bc8   0x0000005c   Data   RO          422    .constdata          usart.o
    0x08012c24   0x000004e8   Data   RO          450    .constdata          gpio.o
    0x0801310c   0x000000a8   Data   RO         1000    .constdata          device.o
    0x080131b4   0x00000016   Data   RO         1015    .constdata          idle.o
    0x080131ca   0x000001d7   Data   RO         1034    .constdata          ipc.o
    0x080133a1   0x00000022   Data   RO         1067    .constdata          kservice.o
    0x080133c3   0x00000001   PAD
    0x080133c4   0x00000138   Data   RO         1087    .constdata          mem.o
    0x080134fc   0x0000005e   Data   RO         1123    .constdata          object.o
    0x0801355a   0x0000004e   Data   RO         1143    .constdata          scheduler.o
    0x080135a8   0x000000aa   Data   RO         1178    .constdata          thread.o
    0x08013652   0x0000005c   Data   RO         1197    .constdata          timer.o
    0x080136ae   0x00000013   Data   RO         1217    .constdata          cpuport.o
    0x080136c1   0x0000007e   Data   RO         1275    .constdata          pin.o
    0x0801373f   0x0000012a   Data   RO         1292    .constdata          serial.o
    0x08013869   0x000000a3   Data   RO         1308    .constdata          spi_core.o
    0x0801390c   0x00000081   Data   RO         1330    .constdata          spi_dev.o
    0x0801398d   0x00000027   Data   RO         1344    .constdata          spi_flash_w25qxx.o
    0x080139b4   0x00000039   Data   RO         1364    .constdata          completion.o
    0x080139ed   0x0000004b   Data   RO         1380    .constdata          dataqueue.o
    0x08013a38   0x0000005b   Data   RO         1449    .constdata          shell.o
    0x08013a93   0x00000001   PAD
    0x08013a94   0x00000094   Data   RO         1483    .constdata          cmd.o
    0x08013b28   0x000000c4   Data   RO         1609    .constdata          finsh_ops.o
    0x08013bec   0x00000040   Data   RO         1688    .constdata          finsh_token.o
    0x08013c2c   0x00000094   Data   RO         1828    .constdata          c_w.l(bigflt0.o)
    0x08013cc0   0x000000f6   Data   RO         1484    .conststring        cmd.o
    0x08013db6   0x000000d8   Data   RO         1544    .conststring        finsh_error.o
    0x08013e8e   0x0000002c   Data   RO         1689    .conststring        finsh_token.o
    0x08013eba   0x00000024   Data   RO          273    .rodata.name        led.o
    0x08013ede   0x00000027   Data   RO         1089    .rodata.name        mem.o
    0x08013f05   0x00000069   Data   RO         1276    .rodata.name        pin.o
    0x08013f6e   0x000001b3   Data   RO         1486    .rodata.name        cmd.o
    0x08014121   0x00000003   PAD
    0x08014124   0x00000004   Data   RO          982    .rti_fn.0           components.o
    0x08014128   0x00000004   Data   RO          983    .rti_fn.0.end       components.o
    0x0801412c   0x00000004   Data   RO          452    .rti_fn.1           gpio.o
    0x08014130   0x00000004   Data   RO          984    .rti_fn.1.end       components.o
    0x08014134   0x00000004   Data   RO         1451    .rti_fn.6           shell.o
    0x08014138   0x00000004   Data   RO          985    .rti_fn.6.end       components.o
    0x0801413c   0x0000000c   Data   RO          274    FSymTab             led.o
    0x08014148   0x0000000c   Data   RO         1090    FSymTab             mem.o
    0x08014154   0x00000024   Data   RO         1277    FSymTab             pin.o
    0x08014178   0x00000090   Data   RO         1487    FSymTab             cmd.o
    0x08014208   0x00000020   Data   RO         1995    Region$$Table       anon$$obj.o
    0x08014228   0x00000010   Data   RO         1488    VSymTab             cmd.o
    0x08014238   0x0000001c   Data   RO         1852    locale$$data        c_w.l(lc_numeric_c.o)
    0x08014254   0x00000110   Data   RO         1863    locale$$data        c_w.l(lc_ctype_c.o)


    Execution Region RW_IRAM1 (Base: 0x20000000, Size: 0x000024f0, Max: 0x00010000, ABSOLUTE, COMPRESSED[0x000000d0])

    Base Addr    Size         Type   Attr      Idx    E Section Name        Object

    0x20000000   0x00000001   Data   RW          272    .data               led.o
    0x20000001   0x00000010   Data   RW          349    .data               ds1302.o
    0x20000011   0x00000001   Data   RW          376    .data               ds18b20.o
    0x20000012   0x00000002   PAD
    0x20000014   0x00000054   Data   RW          423    .data               usart.o
    0x20000068   0x000000c0   Data   RW          451    .data               gpio.o
    0x20000128   0x00000014   Data   RW          475    .data               system_stm32f10x.o
    0x2000013c   0x00000014   Data   RW          521    .data               stm32f10x_rcc.o
    0x20000150   0x00000004   Data   RW          968    .data               clock.o
    0x20000154   0x00000004   Data   RW         1016    .data               idle.o
    0x20000158   0x00000009   Data   RW         1051    .data               irq.o
    0x20000161   0x00000003   PAD
    0x20000164   0x0000000c   Data   RW         1068    .data               kservice.o
    0x20000170   0x00000020   Data   RW         1088    .data               mem.o
    0x20000190   0x000000a4   Data   RW         1124    .data               object.o
    0x20000234   0x0000001c   Data   RW         1144    .data               scheduler.o
    0x20000250   0x0000000c   Data   RW         1179    .data               thread.o
    0x2000025c   0x00000010   Data   RW         1198    .data               timer.o
    0x2000026c   0x00000010   Data   RW         1218    .data               cpuport.o
    0x2000027c   0x00000004   Data   RW         1450    .data               shell.o
    0x20000280   0x00000010   Data   RW         1469    .data               symbol.o
    0x20000290   0x00000004   Data   RW         1485    .data               cmd.o
    0x20000294   0x00000008   Data   RW         1507    .data               finsh_compiler.o
    0x2000029c   0x0000003d   Data   RW         1545    .data               finsh_error.o
    0x200002d9   0x00000003   PAD
    0x200002dc   0x00000008   Data   RW         1561    .data               finsh_heap.o
    0x200002e4   0x00000004   Data   RW         1643    .data               finsh_var.o
    0x200002e8   0x0000000c   Data   RW         1666    .data               finsh_vm.o
    0x200002f4   0x00000280   Zero   RW          271    .bss                led.o
    0x20000574   0x00000280   Zero   RW          348    .bss                ds1302.o
    0x200007f4   0x000002c0   Zero   RW          375    .bss                ds18b20.o
    0x20000ab4   0x00000280   Zero   RW          399    .bss                adc.o
    0x20000d34   0x000000fc   Zero   RW          421    .bss                usart.o
    0x20000e30   0x00000180   Zero   RW         1014    .bss                idle.o
    0x20000fb0   0x00000080   Zero   RW         1066    .bss                kservice.o
    0x20001030   0x00000020   Zero   RW         1086    .bss                mem.o
    0x20001050   0x00000100   Zero   RW         1142    .bss                scheduler.o
    0x20001150   0x00000044   Zero   RW         1274    .bss                pin.o
    0x20001194   0x00000078   Zero   RW         1343    .bss                spi_flash_w25qxx.o
    0x2000120c   0x00000880   Zero   RW         1448    .bss                shell.o
    0x20001a8c   0x00000080   Zero   RW         1560    .bss                finsh_heap.o
    0x20001b0c   0x00000140   Zero   RW         1594    .bss                finsh_node.o
    0x20001c4c   0x000000c0   Zero   RW         1642    .bss                finsh_var.o
    0x20001d0c   0x00000180   Zero   RW         1665    .bss                finsh_vm.o
    0x20001e8c   0x00000060   Zero   RW         1795    .bss                c_w.l(libspace.o)
    0x20001eec   0x00000004   PAD
    0x20001ef0   0x00000200   Zero   RW          961    HEAP                startup_stm32f10x_hd.o
    0x200020f0   0x00000400   Zero   RW          960    STACK               startup_stm32f10x_hd.o


==============================================================================

Image component sizes


      Code (inc. data)   RO Data    RW Data    ZI Data      Debug   Object Name

       448         78          0          0        640       2332   adc.o
        72          8          0          0          0     265079   application.o
       172         36          0          0          0      23037   board.o
       108          6          0          4          0       1432   clock.o
      3464       1300        989          4          0      12599   cmd.o
       456        124         57          0          0       4103   completion.o
        68         12         16          0          0       1872   components.o
       236         24          0          0          0        712   context_rvds.o
      1508        718         19         16          0       4267   cpuport.o
      1060        114         75          0          0       4681   dataqueue.o
       820        134        168          0          0       4661   device.o
       776        100          0         16        640       3037   ds1302.o
      1416        184          0          1        704       5306   ds18b20.o
      6168        154          0          8          0      10954   finsh_compiler.o
        44         10        216         61          0       1697   finsh_error.o
       528         18          0          8        128       3439   finsh_heap.o
        88          6          0          0          0       1608   finsh_init.o
       388          4          0          0        320       3336   finsh_node.o
      2776         36        196          0          0       8804   finsh_ops.o
      2428         32          0          0          0       9541   finsh_parser.o
      1664         16        108          0          0       6096   finsh_token.o
       408         16          0          4        192       7369   finsh_var.o
       228         34          0         12        384       6504   finsh_vm.o
      1332         20       1260        192          0       6417   gpio.o
       312         74         22          4        384       4373   idle.o
      5720        418        471          0          0      20331   ipc.o
       124         14          0          9          0       1896   irq.o
      2628        226         34         12        128      11599   kservice.o
       336         52         48          1        640      13120   led.o
      2176        558        363         32         32       5359   mem.o
       488         74          0          0          0       2101   misc.o
       732        150         94        164          0       6860   object.o
       592         94        267          0         68       4807   pin.o
       764        150         78         28        256       5993   scheduler.o
      3124        394        298          0          0       9237   serial.o
      2432        262         95          4       2176       6119   shell.o
      1544        114        163          0          0       5474   spi_core.o
       524        148        129          0          0       3267   spi_dev.o
      1556        466         39          0        120       7988   spi_flash_w25qxx.o
       176         88          0          0          0       1267   startup.o
        64         26        304          0       1536        848   startup_stm32f10x_hd.o
      3796        130          0          0          0      13029   stm32f10x_adc.o
      2316        160          0          0          0       5566   stm32f10x_dma.o
       740         70          0          0          0       2715   stm32f10x_exti.o
      2668        204          0          0          0       7153   stm32f10x_gpio.o
        22          0          0          0          0       1166   stm32f10x_it.o
      2120        122          0         20          0      10116   stm32f10x_rcc.o
      3516        148          0          0          0      10232   stm32f10x_usart.o
         0          0          0         16          0       4293   symbol.o
       476         36          0         20          0       2087   system_stm32f10x.o
      1636        276        170         12          0       9477   thread.o
      1116        100         92         16          0       7847   timer.o
      1540        156         92         84        252      28083   usart.o

    ----------------------------------------------------------------------
     69896       7894       5900        756       8600     611286   Object Totals
         0          0         32          0          0          0   (incl. Generated)
         2          0          5          8          0          0   (incl. Padding)

    ----------------------------------------------------------------------

      Code (inc. data)   RO Data    RW Data    ZI Data      Debug   Library Member Name

        90          0          0          0          0          0   __dczerorl2.o
         8          0          0          0          0         68   __main.o
       284          0          0          0          0        156   __printf_wp.o
        52          8          0          0          0          0   __scatter.o
        28          0          0          0          0          0   __scatter_zi.o
        28          0          0          0          0         68   _chval.o
        48          6          0          0          0         96   _printf_char_common.o
         6          0          0          0          0          0   _printf_f.o
      1056          0          0          0          0        212   _printf_fp_dec.o
       128         16          0          0          0         84   _printf_fp_infnan.o
         0          0          0          0          0          0   _printf_percent.o
         4          0          0          0          0          0   _printf_percent_end.o
        10          0          0          0          0         68   _sputc.o
       158          0          0          0          0         92   _strtoul.o
        26          0          0          0          0         80   atoi.o
       228          6        148          0          0         96   bigflt0.o
      1910        128          0          0          0        672   btod.o
        12          0          0          0          0         72   exit.o
         6          0          0          0          0        152   heapauxi.o
         0          0          0          0          0          0   indicate_semi.o
        44         10        272          0          0         76   lc_ctype_c.o
        44         10         28          0          0         76   lc_numeric_c.o
         2          0          0          0          0          0   libinit.o
        30          0          0          0          0          0   libinit2.o
         2          0          0          0          0          0   libshutdown.o
         2          0          0          0          0          0   libshutdown2.o
         8          4          0          0         96         68   libspace.o
       138          0          0          0          0         80   lludiv10.o
        88          0          0          0          0         76   memcmp.o
        40          6          0          0          0         84   noretval__2sprintf.o
        16          4          0          0          0         76   rt_ctype_table.o
         8          4          0          0          0         68   rt_errno_addr_intlibspace.o
         8          4          0          0          0         68   rt_locale_intlibspace.o
        68          0          0          0          0         68   rt_memclr.o
        78          0          0          0          0         80   rt_memclr_w.o
       138          0          0          0          0         68   rt_memcpy_v6.o
       100          0          0          0          0         80   rt_memcpy_w.o
         0          0          0          0          0          0   rtentry.o
        12          0          0          0          0          0   rtentry2.o
         6          0          0          0          0          0   rtentry4.o
         2          0          0          0          0          0   rtexit.o
        10          0          0          0          0          0   rtexit2.o
       128          0          0          0          0         68   strcmpv7m.o
        62          0          0          0          0         76   strlen.o
       150          0          0          0          0         80   strncmp.o
        86          0          0          0          0         76   strncpy.o
       112          0          0          0          0         88   strtol.o
        12          4          0          0          0         68   sys_exit.o
        74          0          0          0          0         80   sys_stackheap_outer.o
         2          0          0          0          0         68   use_no_semi.o
        98          4          0          0          0         92   d2f.o
       340         12          0          0          0        104   dmul.o
       156          4          0          0          0         92   dnaninf.o
        12          0          0          0          0         68   dretinf.o
        86          4          0          0          0         84   f2d.o
        86          0          0          0          0        136   fflt_clz.o
       140          4          0          0          0         84   fnaninf.o
        10          0          0          0          0         68   fretinf.o
         4          0          0          0          0         68   printf1.o
         0          0          0          0          0          0   usenofp.o
        40          0          0          0          0         68   fpclassify.o

    ----------------------------------------------------------------------
      6544        238        448          0        100       4352   Library Totals
        20          0          0          0          4          0   (incl. Padding)

    ----------------------------------------------------------------------

      Code (inc. data)   RO Data    RW Data    ZI Data      Debug   Library Name

      5552        210        448          0         96       3488   c_w.l
       932         28          0          0          0        796   fz_ws.l
        40          0          0          0          0         68   m_ws.l

    ----------------------------------------------------------------------
      6544        238        448          0        100       4352   Library Totals

    ----------------------------------------------------------------------

==============================================================================


      Code (inc. data)   RO Data    RW Data    ZI Data      Debug   

     76440       8132       6348        756       8700     608566   Grand Totals
     76440       8132       6348        208       8700     608566   ELF Image Totals (compressed)
     76440       8132       6348        208          0          0   ROM Totals

==============================================================================

    Total RO  Size (Code + RO Data)                82788 (  80.85kB)
    Total RW  Size (RW Data + ZI Data)              9456 (   9.23kB)
    Total ROM Size (Code + RO Data + RW Data)      82996 (  81.05kB)

==============================================================================

